[2026-07-08 03:08:32] [INFO] Ejecutando trabajo: ERP SQL
[2026-07-08 03:08:32] [INFO] === Backup Center iniciado ===
[2026-07-08 03:08:32] [INFO] Subiendo: ERP_TEST.zip
[2026-07-08 03:08:32] [INFO] Subiendo: ERP_TEST_01.zip
[2026-07-08 03:08:32] [INFO] Subiendo: ERP_TEST_02.zip
[2026-07-08 03:08:32] [INFO] Subiendo: ERP_TEST_03.zip
[2026-07-08 03:08:32] [INFO] Subiendo: ERP_TEST_04.bak
[2026-07-08 03:08:32] [INFO] Subiendo: ERP_TEST_05.7z
[2026-07-08 03:08:32] [INFO] Subiendo: ERP_TEST_06.zip
[2026-07-08 03:08:32] [INFO] Subiendo: ERP_TEST_07.zip
[2026-07-08 03:08:32] [INFO] Subiendo: ERP_TEST_08.zip
[2026-07-08 03:08:32] [INFO] Subiendo: ERP_TEST_09.bak
[2026-07-08 03:08:32] [INFO] Subiendo: ERP_TEST_10.7z
[2026-07-08 03:08:32] [INFO] Subiendo: ERP_TEST_11.zip
[2026-07-08 03:08:32] [INFO] Subiendo: ERP_TEST_13.zip
[2026-07-08 03:08:32] [INFO] Subiendo: ERP_TEST_14.zip
[2026-07-08 03:08:32] [INFO] Subiendo: ERP_TEST_15.zip
[2026-07-08 03:08:32] [SUCCESS] Proceso finalizado.
[2026-07-08 05:15:58] [INFO] Ejecutando trabajo: ERP SQL
[2026-07-08 05:15:58] [INFO] === Backup Center iniciado ===
[2026-07-08 05:15:58] [INFO] Subiendo: ERP_TEST.zip
[2026-07-08 05:15:58] [INFO] Subiendo: ERP_TEST_01.zip
[2026-07-08 05:15:58] [INFO] Subiendo: ERP_TEST_02.zip
[2026-07-08 05:15:58] [INFO] Subiendo: ERP_TEST_03.zip
[2026-07-08 05:15:58] [INFO] Subiendo: ERP_TEST_04.bak
[2026-07-08 05:15:58] [INFO] Subiendo: ERP_TEST_05.7z
[2026-07-08 05:15:58] [INFO] Subiendo: ERP_TEST_06.zip
[2026-07-08 05:15:58] [INFO] Subiendo: ERP_TEST_07.zip
[2026-07-08 05:15:58] [INFO] Subiendo: ERP_TEST_08.zip
[2026-07-08 05:15:58] [INFO] Subiendo: ERP_TEST_09.bak
[2026-07-08 05:15:58] [INFO] Subiendo: ERP_TEST_10.7z
[2026-07-08 05:15:58] [INFO] Subiendo: ERP_TEST_11.zip
[2026-07-08 05:15:58] [INFO] Subiendo: ERP_TEST_13.zip
[2026-07-08 05:15:58] [INFO] Subiendo: ERP_TEST_14.zip
[2026-07-08 05:15:58] [INFO] Subiendo: ERP_TEST_15.zip
[2026-07-08 05:15:58] [SUCCESS] Proceso finalizado.
[2026-07-08 05:16:57] [INFO] Ejecutando trabajo: ERP SQL
[2026-07-08 05:16:57] [INFO] === Backup Center iniciado ===
[2026-07-08 05:16:57] [INFO] Subiendo: ERP_TEST.zip
[2026-07-08 05:16:57] [INFO] Subiendo: ERP_TEST_01.zip
[2026-07-08 05:16:57] [INFO] Subiendo: ERP_TEST_02.zip
[2026-07-08 05:16:57] [INFO] Subiendo: ERP_TEST_03.zip
[2026-07-08 05:16:57] [INFO] Subiendo: ERP_TEST_04.bak
[2026-07-08 05:16:57] [INFO] Subiendo: ERP_TEST_05.7z
[2026-07-08 05:16:57] [INFO] Subiendo: ERP_TEST_06.zip
[2026-07-08 05:16:57] [INFO] Subiendo: ERP_TEST_07.zip
[2026-07-08 05:16:57] [INFO] Subiendo: ERP_TEST_08.zip
[2026-07-08 05:16:57] [INFO] Subiendo: ERP_TEST_09.bak
[2026-07-08 05:16:57] [INFO] Subiendo: ERP_TEST_10.7z
[2026-07-08 05:16:57] [INFO] Subiendo: ERP_TEST_11.zip
[2026-07-08 05:16:57] [INFO] Subiendo: ERP_TEST_13.zip
[2026-07-08 05:16:57] [INFO] Subiendo: ERP_TEST_14.zip
[2026-07-08 05:16:57] [INFO] Subiendo: ERP_TEST_15.zip
[2026-07-08 05:16:57] [SUCCESS] Proceso finalizado.
[2026-07-08 05:28:24] [INFO] Ejecutando trabajo: ERP SQL
[2026-07-08 05:28:24] [INFO] === Backup Center iniciado ===
[2026-07-08 05:28:24] [INFO] Subiendo: ERP_TEST.zip
[2026-07-08 05:28:24] [INFO] Subiendo: ERP_TEST_01.zip
[2026-07-08 05:28:24] [INFO] Subiendo: ERP_TEST_02.zip
[2026-07-08 05:28:24] [INFO] Subiendo: ERP_TEST_03.zip
[2026-07-08 05:28:24] [INFO] Subiendo: ERP_TEST_04.bak
[2026-07-08 05:28:24] [INFO] Subiendo: ERP_TEST_05.7z
[2026-07-08 05:28:24] [INFO] Subiendo: ERP_TEST_06.zip
[2026-07-08 05:28:24] [INFO] Subiendo: ERP_TEST_07.zip
[2026-07-08 05:28:24] [INFO] Subiendo: ERP_TEST_08.zip
[2026-07-08 05:28:24] [INFO] Subiendo: ERP_TEST_09.bak
[2026-07-08 05:28:24] [INFO] Subiendo: ERP_TEST_10.7z
[2026-07-08 05:28:24] [INFO] Subiendo: ERP_TEST_11.zip
[2026-07-08 05:28:24] [INFO] Subiendo: ERP_TEST_13.zip
[2026-07-08 05:28:24] [INFO] Subiendo: ERP_TEST_14.zip
[2026-07-08 05:28:24] [INFO] Subiendo: ERP_TEST_15.zip
[2026-07-08 05:28:24] [SUCCESS] Proceso finalizado.
[2026-07-08 05:29:00] [INFO] Ejecutando trabajo: ERP SQL
[2026-07-08 05:29:00] [INFO] === Backup Center iniciado ===
[2026-07-08 05:29:00] [INFO] Subiendo: ERP_TEST.zip
[2026-07-08 05:29:00] [INFO] Subiendo: ERP_TEST_01.zip
[2026-07-08 05:29:00] [INFO] Subiendo: ERP_TEST_02.zip
[2026-07-08 05:29:00] [INFO] Subiendo: ERP_TEST_03.zip
[2026-07-08 05:29:00] [INFO] Subiendo: ERP_TEST_04.bak
[2026-07-08 05:29:00] [INFO] Subiendo: ERP_TEST_05.7z
[2026-07-08 05:29:00] [INFO] Subiendo: ERP_TEST_06.zip
[2026-07-08 05:29:00] [INFO] Subiendo: ERP_TEST_07.zip
[2026-07-08 05:29:00] [INFO] Subiendo: ERP_TEST_08.zip
[2026-07-08 05:29:00] [INFO] Subiendo: ERP_TEST_09.bak
[2026-07-08 05:29:00] [INFO] Subiendo: ERP_TEST_10.7z
[2026-07-08 05:29:00] [INFO] Subiendo: ERP_TEST_11.zip
[2026-07-08 05:29:00] [INFO] Subiendo: ERP_TEST_13.zip
[2026-07-08 05:29:00] [INFO] Subiendo: ERP_TEST_14.zip
[2026-07-08 05:29:00] [INFO] Subiendo: ERP_TEST_15.zip
[2026-07-08 05:29:00] [SUCCESS] Proceso finalizado.
