[2026-07-13 04:15:52] [INFO] Ejecutando trabajo: ERP SQL
[2026-07-13 04:15:52] [INFO] === Backup Center iniciado ===
[2026-07-13 04:15:52] [INFO] Subiendo: ERP_TEST.zip
[2026-07-13 04:15:52] [INFO] Subiendo: ERP_TEST_01.zip
[2026-07-13 04:15:52] [INFO] Subiendo: ERP_TEST_02.zip
[2026-07-13 04:15:52] [INFO] Subiendo: ERP_TEST_03.zip
[2026-07-13 04:15:52] [INFO] Subiendo: ERP_TEST_04.bak
[2026-07-13 04:15:52] [INFO] Subiendo: ERP_TEST_05.7z
[2026-07-13 04:15:52] [INFO] Subiendo: ERP_TEST_06.zip
[2026-07-13 04:15:52] [INFO] Subiendo: ERP_TEST_07.zip
[2026-07-13 04:15:52] [INFO] Subiendo: ERP_TEST_08.zip
[2026-07-13 04:15:52] [INFO] Subiendo: ERP_TEST_09.bak
[2026-07-13 04:15:52] [INFO] Subiendo: ERP_TEST_10.7z
[2026-07-13 04:15:52] [INFO] Subiendo: ERP_TEST_11.zip
[2026-07-13 04:15:52] [INFO] Subiendo: ERP_TEST_13.zip
[2026-07-13 04:15:52] [INFO] Subiendo: ERP_TEST_14.zip
[2026-07-13 04:15:52] [INFO] Subiendo: ERP_TEST_15.zip
[2026-07-13 04:15:52] [INFO] Subiendo: ERP_TEST_16.zip
[2026-07-13 04:15:52] [INFO] Subiendo: ERP_TEST_17.zip
[2026-07-13 04:15:52] [INFO] Subiendo: ERP_TEST_18.zip
[2026-07-13 04:15:52] [INFO] Subiendo: ERP_TEST_19.zip
[2026-07-13 04:15:52] [INFO] Subiendo: ERP_TEST_20.zip
[2026-07-13 04:15:52] [INFO] Subiendo: ERP_TEST_21.zip
[2026-07-13 04:15:52] [SUCCESS] Proceso finalizado.
[2026-07-13 04:15:58] [INFO] Ejecutando trabajo: ERP SQL
[2026-07-13 04:15:58] [INFO] === Backup Center iniciado ===
[2026-07-13 04:15:59] [SUCCESS] Proceso finalizado.
[2026-07-13 04:18:31] [INFO] Ejecutando trabajo: ERP SQL
[2026-07-13 04:18:31] [INFO] === Backup Center iniciado ===
[2026-07-13 04:18:31] [INFO] Subiendo: ERP_TEST.zip
[2026-07-13 04:18:31] [INFO] Subiendo: ERP_TEST_01.zip
[2026-07-13 04:18:31] [INFO] Subiendo: ERP_TEST_02.zip
[2026-07-13 04:18:31] [INFO] Subiendo: ERP_TEST_03.zip
[2026-07-13 04:18:31] [INFO] Subiendo: ERP_TEST_04.bak
[2026-07-13 04:18:31] [INFO] Subiendo: ERP_TEST_05.7z
[2026-07-13 04:18:31] [INFO] Subiendo: ERP_TEST_06.zip
[2026-07-13 04:18:31] [INFO] Subiendo: ERP_TEST_07.zip
[2026-07-13 04:18:31] [INFO] Subiendo: ERP_TEST_08.zip
[2026-07-13 04:18:31] [INFO] Subiendo: ERP_TEST_09.bak
[2026-07-13 04:18:31] [INFO] Subiendo: ERP_TEST_10.7z
[2026-07-13 04:18:31] [INFO] Subiendo: ERP_TEST_11.zip
[2026-07-13 04:18:31] [INFO] Subiendo: ERP_TEST_13.zip
[2026-07-13 04:18:31] [INFO] Subiendo: ERP_TEST_14.zip
[2026-07-13 04:18:31] [INFO] Subiendo: ERP_TEST_15.zip
[2026-07-13 04:18:31] [INFO] Subiendo: ERP_TEST_16.zip
[2026-07-13 04:18:31] [INFO] Subiendo: ERP_TEST_17.zip
[2026-07-13 04:18:31] [INFO] Subiendo: ERP_TEST_18.zip
[2026-07-13 04:18:31] [INFO] Subiendo: ERP_TEST_19.zip
[2026-07-13 04:18:31] [INFO] Subiendo: ERP_TEST_20.zip
[2026-07-13 04:18:31] [INFO] Subiendo: ERP_TEST_21.zip
[2026-07-13 04:18:31] [SUCCESS] Proceso finalizado.
[2026-07-13 04:19:30] [INFO] Ejecutando trabajo: ERP SQL
[2026-07-13 04:19:30] [INFO] === Backup Center iniciado ===
[2026-07-13 04:19:30] [INFO] Subiendo: ERP_TEST.zip
[2026-07-13 04:19:30] [INFO] Subiendo: ERP_TEST_01.zip
[2026-07-13 04:19:30] [INFO] Subiendo: ERP_TEST_02.zip
[2026-07-13 04:19:30] [INFO] Subiendo: ERP_TEST_03.zip
[2026-07-13 04:19:30] [INFO] Subiendo: ERP_TEST_04.bak
[2026-07-13 04:19:30] [INFO] Subiendo: ERP_TEST_05.7z
[2026-07-13 04:19:30] [INFO] Subiendo: ERP_TEST_06.zip
[2026-07-13 04:19:30] [INFO] Subiendo: ERP_TEST_07.zip
[2026-07-13 04:19:30] [INFO] Subiendo: ERP_TEST_08.zip
[2026-07-13 04:19:30] [INFO] Subiendo: ERP_TEST_09.bak
[2026-07-13 04:19:30] [INFO] Subiendo: ERP_TEST_10.7z
[2026-07-13 04:19:30] [INFO] Subiendo: ERP_TEST_11.zip
[2026-07-13 04:19:30] [INFO] Subiendo: ERP_TEST_13.zip
[2026-07-13 04:19:30] [INFO] Subiendo: ERP_TEST_14.zip
[2026-07-13 04:19:30] [INFO] Subiendo: ERP_TEST_15.zip
[2026-07-13 04:19:30] [INFO] Subiendo: ERP_TEST_16.zip
[2026-07-13 04:19:30] [INFO] Subiendo: ERP_TEST_17.zip
[2026-07-13 04:19:30] [INFO] Subiendo: ERP_TEST_18.zip
[2026-07-13 04:19:30] [INFO] Subiendo: ERP_TEST_19.zip
[2026-07-13 04:19:30] [INFO] Subiendo: ERP_TEST_20.zip
[2026-07-13 04:19:30] [INFO] Subiendo: ERP_TEST_21.zip
[2026-07-13 04:19:30] [SUCCESS] Proceso finalizado.
[2026-07-13 04:45:11] [INFO] Ejecutando trabajo: ERP SQL
[2026-07-13 04:45:11] [INFO] === Backup Center iniciado ===
[2026-07-13 04:45:11] [SUCCESS] Proceso finalizado.
[2026-07-13 04:46:10] [INFO] Ejecutando trabajo: ERP SQL
[2026-07-13 04:46:10] [INFO] === Backup Center iniciado ===
[2026-07-13 04:46:10] [INFO] Subiendo: ERP_TEST.zip
[2026-07-13 04:46:10] [INFO] Subiendo: ERP_TEST_01.zip
[2026-07-13 04:46:10] [INFO] Subiendo: ERP_TEST_02.zip
[2026-07-13 04:46:10] [INFO] Subiendo: ERP_TEST_03.zip
[2026-07-13 04:46:10] [INFO] Subiendo: ERP_TEST_04.bak
[2026-07-13 04:46:10] [INFO] Subiendo: ERP_TEST_05.7z
[2026-07-13 04:46:10] [INFO] Subiendo: ERP_TEST_06.zip
[2026-07-13 04:46:10] [INFO] Subiendo: ERP_TEST_07.zip
[2026-07-13 04:46:10] [INFO] Subiendo: ERP_TEST_08.zip
[2026-07-13 04:46:10] [INFO] Subiendo: ERP_TEST_09.bak
[2026-07-13 04:46:10] [INFO] Subiendo: ERP_TEST_10.7z
[2026-07-13 04:46:10] [INFO] Subiendo: ERP_TEST_11.zip
[2026-07-13 04:46:10] [INFO] Subiendo: ERP_TEST_13.zip
[2026-07-13 04:46:10] [INFO] Subiendo: ERP_TEST_14.zip
[2026-07-13 04:46:10] [INFO] Subiendo: ERP_TEST_15.zip
[2026-07-13 04:46:10] [INFO] Subiendo: ERP_TEST_16.zip
[2026-07-13 04:46:10] [INFO] Subiendo: ERP_TEST_17.zip
[2026-07-13 04:46:10] [INFO] Subiendo: ERP_TEST_18.zip
[2026-07-13 04:46:10] [INFO] Subiendo: ERP_TEST_19.zip
[2026-07-13 04:46:10] [INFO] Subiendo: ERP_TEST_20.zip
[2026-07-13 04:46:10] [INFO] Subiendo: ERP_TEST_21.zip
[2026-07-13 04:46:10] [SUCCESS] Proceso finalizado.
[2026-07-13 04:49:18] [INFO] Ejecutando trabajo: ERP SQL
[2026-07-13 04:49:18] [INFO] === Backup Center iniciado ===
[2026-07-13 04:49:18] [INFO] Subiendo: ERP_TEST.zip
[2026-07-13 04:49:18] [INFO] Subiendo: ERP_TEST_01.zip
[2026-07-13 04:49:18] [INFO] Subiendo: ERP_TEST_02.zip
[2026-07-13 04:49:18] [INFO] Subiendo: ERP_TEST_03.zip
[2026-07-13 04:49:18] [INFO] Subiendo: ERP_TEST_04.bak
[2026-07-13 04:49:18] [INFO] Subiendo: ERP_TEST_05.7z
[2026-07-13 04:49:18] [INFO] Subiendo: ERP_TEST_06.zip
[2026-07-13 04:49:18] [INFO] Subiendo: ERP_TEST_07.zip
[2026-07-13 04:49:18] [INFO] Subiendo: ERP_TEST_08.zip
[2026-07-13 04:49:18] [INFO] Subiendo: ERP_TEST_09.bak
[2026-07-13 04:49:18] [INFO] Subiendo: ERP_TEST_10.7z
[2026-07-13 04:49:18] [INFO] Subiendo: ERP_TEST_11.zip
[2026-07-13 04:49:18] [INFO] Subiendo: ERP_TEST_13.zip
[2026-07-13 04:49:18] [INFO] Subiendo: ERP_TEST_14.zip
[2026-07-13 04:49:18] [INFO] Subiendo: ERP_TEST_15.zip
[2026-07-13 04:49:18] [INFO] Subiendo: ERP_TEST_16.zip
[2026-07-13 04:49:18] [INFO] Subiendo: ERP_TEST_17.zip
[2026-07-13 04:49:18] [INFO] Subiendo: ERP_TEST_18.zip
[2026-07-13 04:49:18] [INFO] Subiendo: ERP_TEST_19.zip
[2026-07-13 04:49:18] [INFO] Subiendo: ERP_TEST_20.zip
[2026-07-13 04:49:18] [INFO] Subiendo: ERP_TEST_21.zip
[2026-07-13 04:49:18] [SUCCESS] Proceso finalizado.
[2026-07-13 05:08:30] [INFO] Ejecutando trabajo: ERP SQL
[2026-07-13 05:08:30] [INFO] === Backup Center iniciado ===
[2026-07-13 05:08:30] [INFO] Subiendo: ERP_TEST.zip
[2026-07-13 05:08:30] [INFO] Subiendo: ERP_TEST_01.zip
[2026-07-13 05:08:30] [INFO] Subiendo: ERP_TEST_02.zip
[2026-07-13 05:08:30] [INFO] Subiendo: ERP_TEST_03.zip
[2026-07-13 05:08:30] [INFO] Subiendo: ERP_TEST_04.bak
[2026-07-13 05:08:30] [INFO] Subiendo: ERP_TEST_05.7z
[2026-07-13 05:08:30] [INFO] Subiendo: ERP_TEST_06.zip
[2026-07-13 05:08:30] [INFO] Subiendo: ERP_TEST_07.zip
[2026-07-13 05:08:30] [INFO] Subiendo: ERP_TEST_08.zip
[2026-07-13 05:08:30] [INFO] Subiendo: ERP_TEST_09.bak
[2026-07-13 05:08:30] [INFO] Subiendo: ERP_TEST_10.7z
[2026-07-13 05:08:30] [INFO] Subiendo: ERP_TEST_11.zip
[2026-07-13 05:08:30] [INFO] Subiendo: ERP_TEST_13.zip
[2026-07-13 05:08:30] [INFO] Subiendo: ERP_TEST_14.zip
[2026-07-13 05:08:30] [INFO] Subiendo: ERP_TEST_15.zip
[2026-07-13 05:08:30] [INFO] Subiendo: ERP_TEST_16.zip
[2026-07-13 05:08:30] [INFO] Subiendo: ERP_TEST_17.zip
[2026-07-13 05:08:30] [INFO] Subiendo: ERP_TEST_18.zip
[2026-07-13 05:08:30] [INFO] Subiendo: ERP_TEST_19.zip
[2026-07-13 05:08:30] [INFO] Subiendo: ERP_TEST_20.zip
[2026-07-13 05:08:30] [INFO] Subiendo: ERP_TEST_21.zip
[2026-07-13 05:08:30] [SUCCESS] Proceso finalizado.
[2026-07-13 05:10:52] [INFO] Ejecutando trabajo: ERP SQL
[2026-07-13 05:10:52] [INFO] === Backup Center iniciado ===
[2026-07-13 05:10:52] [INFO] Subiendo: ERP_TEST.zip
[2026-07-13 05:10:52] [INFO] Subiendo: ERP_TEST_01.zip
[2026-07-13 05:10:52] [INFO] Subiendo: ERP_TEST_02.zip
[2026-07-13 05:10:52] [INFO] Subiendo: ERP_TEST_03.zip
[2026-07-13 05:10:52] [INFO] Subiendo: ERP_TEST_04.bak
[2026-07-13 05:10:52] [INFO] Subiendo: ERP_TEST_05.7z
[2026-07-13 05:10:52] [INFO] Subiendo: ERP_TEST_06.zip
[2026-07-13 05:10:52] [INFO] Subiendo: ERP_TEST_07.zip
[2026-07-13 05:10:52] [INFO] Subiendo: ERP_TEST_08.zip
[2026-07-13 05:10:52] [INFO] Subiendo: ERP_TEST_09.bak
[2026-07-13 05:10:52] [INFO] Subiendo: ERP_TEST_10.7z
[2026-07-13 05:10:52] [INFO] Subiendo: ERP_TEST_11.zip
[2026-07-13 05:10:52] [INFO] Subiendo: ERP_TEST_13.zip
[2026-07-13 05:10:52] [INFO] Subiendo: ERP_TEST_14.zip
[2026-07-13 05:10:52] [INFO] Subiendo: ERP_TEST_15.zip
[2026-07-13 05:10:52] [INFO] Subiendo: ERP_TEST_16.zip
[2026-07-13 05:10:52] [INFO] Subiendo: ERP_TEST_17.zip
[2026-07-13 05:10:52] [INFO] Subiendo: ERP_TEST_18.zip
[2026-07-13 05:10:52] [INFO] Subiendo: ERP_TEST_19.zip
[2026-07-13 05:10:52] [INFO] Subiendo: ERP_TEST_20.zip
[2026-07-13 05:10:52] [INFO] Subiendo: ERP_TEST_21.zip
[2026-07-13 05:10:52] [SUCCESS] Proceso finalizado.
[2026-07-13 05:17:20] [INFO] Ejecutando trabajo: ERP SQL
[2026-07-13 05:17:20] [INFO] === Backup Center iniciado ===
[2026-07-13 05:17:20] [INFO] Subiendo: ERP_TEST.zip
[2026-07-13 05:17:20] [INFO] Subiendo: ERP_TEST_01.zip
[2026-07-13 05:17:20] [INFO] Subiendo: ERP_TEST_02.zip
[2026-07-13 05:17:20] [INFO] Subiendo: ERP_TEST_03.zip
[2026-07-13 05:17:20] [INFO] Subiendo: ERP_TEST_04.bak
[2026-07-13 05:17:20] [INFO] Subiendo: ERP_TEST_05.7z
[2026-07-13 05:17:20] [INFO] Subiendo: ERP_TEST_06.zip
[2026-07-13 05:17:20] [INFO] Subiendo: ERP_TEST_07.zip
[2026-07-13 05:17:20] [INFO] Subiendo: ERP_TEST_08.zip
[2026-07-13 05:17:20] [INFO] Subiendo: ERP_TEST_09.bak
[2026-07-13 05:17:20] [INFO] Subiendo: ERP_TEST_10.7z
[2026-07-13 05:17:20] [INFO] Subiendo: ERP_TEST_11.zip
[2026-07-13 05:17:20] [INFO] Subiendo: ERP_TEST_13.zip
[2026-07-13 05:17:20] [INFO] Subiendo: ERP_TEST_14.zip
[2026-07-13 05:17:20] [INFO] Subiendo: ERP_TEST_15.zip
[2026-07-13 05:17:20] [INFO] Subiendo: ERP_TEST_16.zip
[2026-07-13 05:17:20] [INFO] Subiendo: ERP_TEST_17.zip
[2026-07-13 05:17:20] [INFO] Subiendo: ERP_TEST_18.zip
[2026-07-13 05:17:20] [INFO] Subiendo: ERP_TEST_19.zip
[2026-07-13 05:17:20] [INFO] Subiendo: ERP_TEST_20.zip
[2026-07-13 05:17:20] [INFO] Subiendo: ERP_TEST_21.zip
[2026-07-13 05:17:20] [SUCCESS] Proceso finalizado.
[2026-07-13 05:19:27] [INFO] Ejecutando trabajo: ERP SQL
[2026-07-13 05:19:27] [INFO] === Backup Center iniciado ===
[2026-07-13 05:19:27] [INFO] Subiendo: ERP_TEST.zip
[2026-07-13 05:19:27] [INFO] Subiendo: ERP_TEST_01.zip
[2026-07-13 05:19:27] [INFO] Subiendo: ERP_TEST_02.zip
[2026-07-13 05:19:27] [INFO] Subiendo: ERP_TEST_03.zip
[2026-07-13 05:19:27] [INFO] Subiendo: ERP_TEST_04.bak
[2026-07-13 05:19:27] [INFO] Subiendo: ERP_TEST_05.7z
[2026-07-13 05:19:27] [INFO] Subiendo: ERP_TEST_06.zip
[2026-07-13 05:19:27] [INFO] Subiendo: ERP_TEST_07.zip
[2026-07-13 05:19:27] [INFO] Subiendo: ERP_TEST_08.zip
[2026-07-13 05:19:27] [INFO] Subiendo: ERP_TEST_09.bak
[2026-07-13 05:19:27] [INFO] Subiendo: ERP_TEST_10.7z
[2026-07-13 05:19:27] [INFO] Subiendo: ERP_TEST_11.zip
[2026-07-13 05:19:27] [INFO] Subiendo: ERP_TEST_13.zip
[2026-07-13 05:19:27] [INFO] Subiendo: ERP_TEST_14.zip
[2026-07-13 05:19:27] [INFO] Subiendo: ERP_TEST_15.zip
[2026-07-13 05:19:27] [INFO] Subiendo: ERP_TEST_16.zip
[2026-07-13 05:19:27] [INFO] Subiendo: ERP_TEST_17.zip
[2026-07-13 05:19:27] [INFO] Subiendo: ERP_TEST_18.zip
[2026-07-13 05:19:27] [INFO] Subiendo: ERP_TEST_19.zip
[2026-07-13 05:19:27] [INFO] Subiendo: ERP_TEST_20.zip
[2026-07-13 05:19:27] [INFO] Subiendo: ERP_TEST_21.zip
[2026-07-13 05:19:27] [SUCCESS] Proceso finalizado.
[2026-07-13 05:19:35] [INFO] Ejecutando trabajo: ERP SQL
[2026-07-13 05:19:35] [INFO] === Backup Center iniciado ===
[2026-07-13 05:19:35] [INFO] Subiendo: ERP_TEST.zip
[2026-07-13 05:19:35] [INFO] Subiendo: ERP_TEST_01.zip
[2026-07-13 05:19:35] [INFO] Subiendo: ERP_TEST_02.zip
[2026-07-13 05:19:35] [INFO] Subiendo: ERP_TEST_03.zip
[2026-07-13 05:19:35] [INFO] Subiendo: ERP_TEST_04.bak
[2026-07-13 05:19:35] [INFO] Subiendo: ERP_TEST_05.7z
[2026-07-13 05:19:35] [INFO] Subiendo: ERP_TEST_06.zip
[2026-07-13 05:19:35] [INFO] Subiendo: ERP_TEST_07.zip
[2026-07-13 05:19:35] [INFO] Subiendo: ERP_TEST_08.zip
[2026-07-13 05:19:35] [INFO] Subiendo: ERP_TEST_09.bak
[2026-07-13 05:19:35] [INFO] Subiendo: ERP_TEST_10.7z
[2026-07-13 05:19:35] [INFO] Subiendo: ERP_TEST_11.zip
[2026-07-13 05:19:35] [INFO] Subiendo: ERP_TEST_13.zip
[2026-07-13 05:19:35] [INFO] Subiendo: ERP_TEST_14.zip
[2026-07-13 05:19:35] [INFO] Subiendo: ERP_TEST_15.zip
[2026-07-13 05:19:35] [INFO] Subiendo: ERP_TEST_16.zip
[2026-07-13 05:19:35] [INFO] Subiendo: ERP_TEST_17.zip
[2026-07-13 05:19:35] [INFO] Subiendo: ERP_TEST_18.zip
[2026-07-13 05:19:35] [INFO] Subiendo: ERP_TEST_19.zip
[2026-07-13 05:19:35] [INFO] Subiendo: ERP_TEST_20.zip
[2026-07-13 05:19:35] [INFO] Subiendo: ERP_TEST_21.zip
[2026-07-13 05:19:35] [SUCCESS] Proceso finalizado.
[2026-07-13 05:19:43] [INFO] Ejecutando trabajo: ERP SQL
[2026-07-13 05:19:43] [INFO] === Backup Center iniciado ===
[2026-07-13 05:19:43] [INFO] Subiendo: ERP_TEST.zip
[2026-07-13 05:19:43] [INFO] Subiendo: ERP_TEST_01.zip
[2026-07-13 05:19:43] [INFO] Subiendo: ERP_TEST_02.zip
[2026-07-13 05:19:43] [INFO] Subiendo: ERP_TEST_03.zip
[2026-07-13 05:19:43] [INFO] Subiendo: ERP_TEST_04.bak
[2026-07-13 05:19:43] [INFO] Subiendo: ERP_TEST_05.7z
[2026-07-13 05:19:43] [INFO] Subiendo: ERP_TEST_06.zip
[2026-07-13 05:19:43] [INFO] Subiendo: ERP_TEST_07.zip
[2026-07-13 05:19:43] [INFO] Subiendo: ERP_TEST_08.zip
[2026-07-13 05:19:43] [INFO] Subiendo: ERP_TEST_09.bak
[2026-07-13 05:19:43] [INFO] Subiendo: ERP_TEST_10.7z
[2026-07-13 05:19:43] [INFO] Subiendo: ERP_TEST_11.zip
[2026-07-13 05:19:43] [INFO] Subiendo: ERP_TEST_13.zip
[2026-07-13 05:19:43] [INFO] Subiendo: ERP_TEST_14.zip
[2026-07-13 05:19:43] [INFO] Subiendo: ERP_TEST_15.zip
[2026-07-13 05:19:43] [INFO] Subiendo: ERP_TEST_16.zip
[2026-07-13 05:19:43] [INFO] Subiendo: ERP_TEST_17.zip
[2026-07-13 05:19:43] [INFO] Subiendo: ERP_TEST_18.zip
[2026-07-13 05:19:43] [INFO] Subiendo: ERP_TEST_19.zip
[2026-07-13 05:19:43] [INFO] Subiendo: ERP_TEST_20.zip
[2026-07-13 05:19:43] [INFO] Subiendo: ERP_TEST_21.zip
[2026-07-13 05:19:43] [SUCCESS] Proceso finalizado.
[2026-07-13 05:19:51] [INFO] Ejecutando trabajo: ERP SQL
[2026-07-13 05:19:51] [INFO] === Backup Center iniciado ===
[2026-07-13 05:19:51] [INFO] Subiendo: ERP_TEST.zip
[2026-07-13 05:19:51] [INFO] Subiendo: ERP_TEST_01.zip
[2026-07-13 05:19:51] [INFO] Subiendo: ERP_TEST_02.zip
[2026-07-13 05:19:51] [INFO] Subiendo: ERP_TEST_03.zip
[2026-07-13 05:19:51] [INFO] Subiendo: ERP_TEST_04.bak
[2026-07-13 05:19:51] [INFO] Subiendo: ERP_TEST_05.7z
[2026-07-13 05:19:51] [INFO] Subiendo: ERP_TEST_06.zip
[2026-07-13 05:19:51] [INFO] Subiendo: ERP_TEST_07.zip
[2026-07-13 05:19:51] [INFO] Subiendo: ERP_TEST_08.zip
[2026-07-13 05:19:51] [INFO] Subiendo: ERP_TEST_09.bak
[2026-07-13 05:19:51] [INFO] Subiendo: ERP_TEST_10.7z
[2026-07-13 05:19:51] [INFO] Subiendo: ERP_TEST_11.zip
[2026-07-13 05:19:51] [INFO] Subiendo: ERP_TEST_13.zip
[2026-07-13 05:19:51] [INFO] Subiendo: ERP_TEST_14.zip
[2026-07-13 05:19:51] [INFO] Subiendo: ERP_TEST_15.zip
[2026-07-13 05:19:51] [INFO] Subiendo: ERP_TEST_16.zip
[2026-07-13 05:19:51] [INFO] Subiendo: ERP_TEST_17.zip
[2026-07-13 05:19:51] [INFO] Subiendo: ERP_TEST_18.zip
[2026-07-13 05:19:51] [INFO] Subiendo: ERP_TEST_19.zip
[2026-07-13 05:19:51] [INFO] Subiendo: ERP_TEST_20.zip
[2026-07-13 05:19:51] [INFO] Subiendo: ERP_TEST_21.zip
[2026-07-13 05:19:51] [SUCCESS] Proceso finalizado.
[2026-07-13 05:20:01] [INFO] Ejecutando trabajo: ERP SQL
[2026-07-13 05:20:01] [INFO] === Backup Center iniciado ===
[2026-07-13 05:20:01] [INFO] Subiendo: ERP_TEST.zip
[2026-07-13 05:20:01] [INFO] Subiendo: ERP_TEST_01.zip
[2026-07-13 05:20:01] [INFO] Subiendo: ERP_TEST_02.zip
[2026-07-13 05:20:01] [INFO] Subiendo: ERP_TEST_03.zip
[2026-07-13 05:20:01] [INFO] Subiendo: ERP_TEST_04.bak
[2026-07-13 05:20:01] [INFO] Subiendo: ERP_TEST_05.7z
[2026-07-13 05:20:01] [INFO] Subiendo: ERP_TEST_06.zip
[2026-07-13 05:20:01] [INFO] Subiendo: ERP_TEST_07.zip
[2026-07-13 05:20:01] [INFO] Subiendo: ERP_TEST_08.zip
[2026-07-13 05:20:01] [INFO] Subiendo: ERP_TEST_09.bak
[2026-07-13 05:20:01] [INFO] Subiendo: ERP_TEST_10.7z
[2026-07-13 05:20:01] [INFO] Subiendo: ERP_TEST_11.zip
[2026-07-13 05:20:01] [INFO] Subiendo: ERP_TEST_13.zip
[2026-07-13 05:20:01] [INFO] Subiendo: ERP_TEST_14.zip
[2026-07-13 05:20:01] [INFO] Subiendo: ERP_TEST_15.zip
[2026-07-13 05:20:01] [INFO] Subiendo: ERP_TEST_16.zip
[2026-07-13 05:20:01] [INFO] Subiendo: ERP_TEST_17.zip
[2026-07-13 05:20:01] [INFO] Subiendo: ERP_TEST_18.zip
[2026-07-13 05:20:01] [INFO] Subiendo: ERP_TEST_19.zip
[2026-07-13 05:20:01] [INFO] Subiendo: ERP_TEST_20.zip
[2026-07-13 05:20:01] [INFO] Subiendo: ERP_TEST_21.zip
[2026-07-13 05:20:01] [SUCCESS] Proceso finalizado.
[2026-07-13 17:01:59] [INFO] Ejecutando trabajo: ERP SQL
[2026-07-13 17:01:59] [INFO] === Backup Center iniciado ===
[2026-07-13 17:01:59] [INFO] Subiendo: ERP_TEST.zip
[2026-07-13 17:01:59] [INFO] Subiendo: ERP_TEST_01.zip
[2026-07-13 17:01:59] [INFO] Subiendo: ERP_TEST_02.zip
[2026-07-13 17:01:59] [INFO] Subiendo: ERP_TEST_03.zip
[2026-07-13 17:01:59] [INFO] Subiendo: ERP_TEST_04.bak
[2026-07-13 17:01:59] [INFO] Subiendo: ERP_TEST_05.7z
[2026-07-13 17:01:59] [INFO] Subiendo: ERP_TEST_06.zip
[2026-07-13 17:01:59] [INFO] Subiendo: ERP_TEST_07.zip
[2026-07-13 17:01:59] [INFO] Subiendo: ERP_TEST_08.zip
[2026-07-13 17:01:59] [INFO] Subiendo: ERP_TEST_09.bak
[2026-07-13 17:01:59] [INFO] Subiendo: ERP_TEST_10.7z
[2026-07-13 17:01:59] [INFO] Subiendo: ERP_TEST_11.zip
[2026-07-13 17:01:59] [INFO] Subiendo: ERP_TEST_13.zip
[2026-07-13 17:01:59] [INFO] Subiendo: ERP_TEST_14.zip
[2026-07-13 17:01:59] [INFO] Subiendo: ERP_TEST_15.zip
[2026-07-13 17:01:59] [INFO] Subiendo: ERP_TEST_16.zip
[2026-07-13 17:01:59] [INFO] Subiendo: ERP_TEST_17.zip
[2026-07-13 17:01:59] [INFO] Subiendo: ERP_TEST_18.zip
[2026-07-13 17:01:59] [INFO] Subiendo: ERP_TEST_19.zip
[2026-07-13 17:01:59] [INFO] Subiendo: ERP_TEST_20.zip
[2026-07-13 17:01:59] [INFO] Subiendo: ERP_TEST_21.zip
[2026-07-13 17:01:59] [SUCCESS] Proceso finalizado.
[2026-07-13 17:11:27] [INFO] Ejecutando trabajo: ERP SQL
[2026-07-13 17:11:27] [INFO] === Backup Center iniciado ===
[2026-07-13 17:11:27] [INFO] Subiendo: ERP_TEST.zip
[2026-07-13 17:11:27] [INFO] Subiendo: ERP_TEST_01.zip
[2026-07-13 17:11:27] [INFO] Subiendo: ERP_TEST_02.zip
[2026-07-13 17:11:27] [INFO] Subiendo: ERP_TEST_03.zip
[2026-07-13 17:11:27] [INFO] Subiendo: ERP_TEST_04.bak
[2026-07-13 17:11:27] [INFO] Subiendo: ERP_TEST_05.7z
[2026-07-13 17:11:27] [INFO] Subiendo: ERP_TEST_06.zip
[2026-07-13 17:11:27] [INFO] Subiendo: ERP_TEST_07.zip
[2026-07-13 17:11:27] [INFO] Subiendo: ERP_TEST_08.zip
[2026-07-13 17:11:27] [INFO] Subiendo: ERP_TEST_09.bak
[2026-07-13 17:11:27] [INFO] Subiendo: ERP_TEST_10.7z
[2026-07-13 17:11:27] [INFO] Subiendo: ERP_TEST_11.zip
[2026-07-13 17:11:27] [INFO] Subiendo: ERP_TEST_13.zip
[2026-07-13 17:11:27] [INFO] Subiendo: ERP_TEST_14.zip
[2026-07-13 17:11:27] [INFO] Subiendo: ERP_TEST_15.zip
[2026-07-13 17:11:27] [INFO] Subiendo: ERP_TEST_16.zip
[2026-07-13 17:11:27] [INFO] Subiendo: ERP_TEST_17.zip
[2026-07-13 17:11:27] [INFO] Subiendo: ERP_TEST_18.zip
[2026-07-13 17:11:27] [INFO] Subiendo: ERP_TEST_19.zip
[2026-07-13 17:11:27] [INFO] Subiendo: ERP_TEST_20.zip
[2026-07-13 17:11:27] [INFO] Subiendo: ERP_TEST_21.zip
[2026-07-13 17:11:27] [SUCCESS] Proceso finalizado.
[2026-07-13 17:12:03] [INFO] Ejecutando trabajo: ERP SQL
[2026-07-13 17:12:03] [INFO] === Backup Center iniciado ===
[2026-07-13 17:12:03] [INFO] Subiendo: ERP_TEST.zip
[2026-07-13 17:12:03] [INFO] Subiendo: ERP_TEST_01.zip
[2026-07-13 17:12:03] [INFO] Subiendo: ERP_TEST_02.zip
[2026-07-13 17:12:03] [INFO] Subiendo: ERP_TEST_03.zip
[2026-07-13 17:12:03] [INFO] Subiendo: ERP_TEST_04.bak
[2026-07-13 17:12:03] [INFO] Subiendo: ERP_TEST_05.7z
[2026-07-13 17:12:03] [INFO] Subiendo: ERP_TEST_06.zip
[2026-07-13 17:12:03] [INFO] Subiendo: ERP_TEST_07.zip
[2026-07-13 17:12:03] [INFO] Subiendo: ERP_TEST_08.zip
[2026-07-13 17:12:03] [INFO] Subiendo: ERP_TEST_09.bak
[2026-07-13 17:12:03] [INFO] Subiendo: ERP_TEST_10.7z
[2026-07-13 17:12:03] [INFO] Subiendo: ERP_TEST_11.zip
[2026-07-13 17:12:03] [INFO] Subiendo: ERP_TEST_13.zip
[2026-07-13 17:12:03] [INFO] Subiendo: ERP_TEST_14.zip
[2026-07-13 17:12:03] [INFO] Subiendo: ERP_TEST_15.zip
[2026-07-13 17:12:03] [INFO] Subiendo: ERP_TEST_16.zip
[2026-07-13 17:12:03] [INFO] Subiendo: ERP_TEST_17.zip
[2026-07-13 17:12:03] [INFO] Subiendo: ERP_TEST_18.zip
[2026-07-13 17:12:03] [INFO] Subiendo: ERP_TEST_19.zip
[2026-07-13 17:12:03] [INFO] Subiendo: ERP_TEST_20.zip
[2026-07-13 17:12:03] [INFO] Subiendo: ERP_TEST_21.zip
[2026-07-13 17:12:03] [SUCCESS] Proceso finalizado.
[2026-07-13 19:06:42] [INFO] Ejecutando trabajo: ERP SQL
[2026-07-13 19:06:42] [INFO] === Backup Center iniciado ===
[2026-07-13 19:06:42] [INFO] Subiendo: ERP_TEST.zip
[2026-07-13 19:06:42] [INFO] Subiendo: ERP_TEST_01.zip
[2026-07-13 19:06:42] [INFO] Subiendo: ERP_TEST_02.zip
[2026-07-13 19:06:42] [INFO] Subiendo: ERP_TEST_03.zip
[2026-07-13 19:06:42] [INFO] Subiendo: ERP_TEST_04.bak
[2026-07-13 19:06:42] [INFO] Subiendo: ERP_TEST_05.7z
[2026-07-13 19:06:42] [INFO] Subiendo: ERP_TEST_06.zip
[2026-07-13 19:06:42] [INFO] Subiendo: ERP_TEST_07.zip
[2026-07-13 19:06:42] [INFO] Subiendo: ERP_TEST_08.zip
[2026-07-13 19:06:42] [INFO] Subiendo: ERP_TEST_09.bak
[2026-07-13 19:06:42] [INFO] Subiendo: ERP_TEST_10.7z
[2026-07-13 19:06:42] [INFO] Subiendo: ERP_TEST_11.zip
[2026-07-13 19:06:42] [INFO] Subiendo: ERP_TEST_13.zip
[2026-07-13 19:06:42] [INFO] Subiendo: ERP_TEST_14.zip
[2026-07-13 19:06:42] [INFO] Subiendo: ERP_TEST_15.zip
[2026-07-13 19:06:42] [INFO] Subiendo: ERP_TEST_16.zip
[2026-07-13 19:06:42] [INFO] Subiendo: ERP_TEST_17.zip
[2026-07-13 19:06:42] [INFO] Subiendo: ERP_TEST_18.zip
[2026-07-13 19:06:42] [INFO] Subiendo: ERP_TEST_19.zip
[2026-07-13 19:06:42] [INFO] Subiendo: ERP_TEST_20.zip
[2026-07-13 19:06:42] [INFO] Subiendo: ERP_TEST_21.zip
[2026-07-13 19:06:42] [SUCCESS] Proceso finalizado.
[2026-07-13 21:39:57] [INFO] Ejecutando trabajo: ERP SQL
[2026-07-13 21:39:57] [INFO] === Backup Center iniciado ===
[2026-07-13 21:39:57] [SUCCESS] Proceso finalizado.
[2026-07-13 21:40:57] [INFO] Ejecutando trabajo: ERP SQL
[2026-07-13 21:40:57] [INFO] === Backup Center iniciado ===
[2026-07-13 21:40:57] [SUCCESS] Proceso finalizado.
[2026-07-13 21:41:05] [INFO] Ejecutando trabajo: ERP SQL
[2026-07-13 21:41:06] [INFO] === Backup Center iniciado ===
[2026-07-13 21:41:06] [SUCCESS] Proceso finalizado.
[2026-07-13 21:42:11] [INFO] Ejecutando trabajo: ERP SQL
[2026-07-13 21:42:11] [INFO] === Backup Center iniciado ===
[2026-07-13 21:42:11] [SUCCESS] Proceso finalizado.
[2026-07-13 21:42:17] [INFO] Ejecutando trabajo: ERP SQL
[2026-07-13 21:42:17] [INFO] === Backup Center iniciado ===
[2026-07-13 21:42:18] [SUCCESS] Proceso finalizado.
[2026-07-13 21:44:38] [INFO] Ejecutando trabajo: ERP SQL
[2026-07-13 21:44:38] [INFO] === Backup Center iniciado ===
[2026-07-13 21:44:39] [SUCCESS] Proceso finalizado.
[2026-07-13 21:44:47] [INFO] Ejecutando trabajo: ERP SQL
[2026-07-13 21:44:47] [INFO] === Backup Center iniciado ===
[2026-07-13 21:44:47] [SUCCESS] Proceso finalizado.
[2026-07-13 21:44:53] [INFO] Ejecutando trabajo: ERP SQL
[2026-07-13 21:44:53] [INFO] === Backup Center iniciado ===
[2026-07-13 21:44:53] [SUCCESS] Proceso finalizado.
[2026-07-13 23:11:34] [INFO] Ejecutando trabajo: ERP SQL
[2026-07-13 23:11:34] [INFO] === Backup Center iniciado ===
[2026-07-13 23:11:34] [SUCCESS] Proceso finalizado.
[2026-07-13 23:13:09] [INFO] Ejecutando trabajo: ERP SQL
[2026-07-13 23:13:09] [INFO] === Backup Center iniciado ===
[2026-07-13 23:13:09] [SUCCESS] Proceso finalizado.
[2026-07-13 18:16:40] [INFO] Ejecutando trabajo: ERP SQL
[2026-07-13 18:16:40] [INFO] === Backup Center iniciado ===
[2026-07-13 18:16:40] [SUCCESS] Proceso finalizado.
[2026-07-13 18:17:48] [INFO] Ejecutando trabajo: ERP SQL
[2026-07-13 18:17:48] [INFO] === Backup Center iniciado ===
[2026-07-13 18:17:50] [SUCCESS] Proceso finalizado.
[2026-07-13 21:00:10] [INFO] Ejecutando trabajo: ERP SQL
[2026-07-13 21:00:10] [INFO] === Backup Center iniciado ===
[2026-07-13 21:00:11] [SUCCESS] Proceso finalizado.
