[2026-07-05 00:01:17] [INFO] Ejecutando trabajo: TrueNAS Principal
[2026-07-05 00:01:17] [INFO] === Backup Center iniciado ===
[2026-07-05 00:01:17] [INFO] Subiendo: ERP_TEST.zip
[2026-07-05 00:01:17] [INFO] Subiendo: ERP_TEST_01.zip
[2026-07-05 00:01:17] [INFO] Subiendo: ERP_TEST_02.zip
[2026-07-05 00:01:17] [INFO] Subiendo: ERP_TEST_03.zip
[2026-07-05 00:01:17] [INFO] Subiendo: ERP_TEST_04.bak
[2026-07-05 00:01:17] [INFO] Subiendo: ERP_TEST_05.7z
[2026-07-05 00:01:17] [SUCCESS] Proceso finalizado.
[2026-07-05 00:02:30] [INFO] Ejecutando trabajo: TrueNAS Principal
[2026-07-05 00:02:30] [INFO] === Backup Center iniciado ===
[2026-07-05 00:02:30] [INFO] Subiendo: ERP_TEST.zip
[2026-07-05 00:02:30] [INFO] Subiendo: ERP_TEST_01.zip
[2026-07-05 00:02:30] [INFO] Subiendo: ERP_TEST_02.zip
[2026-07-05 00:02:30] [INFO] Subiendo: ERP_TEST_03.zip
[2026-07-05 00:02:30] [INFO] Subiendo: ERP_TEST_04.bak
[2026-07-05 00:02:30] [INFO] Subiendo: ERP_TEST_05.7z
[2026-07-05 00:02:30] [INFO] Subiendo: ERP_TEST_06.zip
[2026-07-05 00:02:30] [INFO] Subiendo: ERP_TEST_07.zip
[2026-07-05 00:02:30] [INFO] Subiendo: ERP_TEST_08.zip
[2026-07-05 00:02:30] [INFO] Subiendo: ERP_TEST_09.bak
[2026-07-05 00:02:30] [INFO] Subiendo: ERP_TEST_10.7z
[2026-07-05 00:02:30] [SUCCESS] Proceso finalizado.
[2026-07-05 00:03:15] [INFO] Ejecutando trabajo: TrueNAS Principal
[2026-07-05 00:03:15] [INFO] === Backup Center iniciado ===
[2026-07-05 00:03:15] [INFO] Subiendo: ERP_TEST.zip
[2026-07-05 00:03:15] [INFO] Subiendo: ERP_TEST_01.zip
[2026-07-05 00:03:15] [INFO] Subiendo: ERP_TEST_02.zip
[2026-07-05 00:03:15] [INFO] Subiendo: ERP_TEST_03.zip
[2026-07-05 00:03:15] [INFO] Subiendo: ERP_TEST_04.bak
[2026-07-05 00:03:15] [INFO] Subiendo: ERP_TEST_05.7z
[2026-07-05 00:03:15] [INFO] Subiendo: ERP_TEST_06.zip
[2026-07-05 00:03:15] [INFO] Subiendo: ERP_TEST_07.zip
[2026-07-05 00:03:15] [INFO] Subiendo: ERP_TEST_08.zip
[2026-07-05 00:03:15] [INFO] Subiendo: ERP_TEST_09.bak
[2026-07-05 00:03:15] [INFO] Subiendo: ERP_TEST_10.7z
[2026-07-05 00:03:15] [SUCCESS] Proceso finalizado.
[2026-07-05 00:03:33] [INFO] Ejecutando trabajo: TrueNAS Principal
[2026-07-05 00:03:33] [INFO] === Backup Center iniciado ===
[2026-07-05 00:03:33] [INFO] Subiendo: ERP_TEST.zip
[2026-07-05 00:03:33] [INFO] Subiendo: ERP_TEST_01.zip
[2026-07-05 00:03:33] [INFO] Subiendo: ERP_TEST_02.zip
[2026-07-05 00:03:33] [INFO] Subiendo: ERP_TEST_03.zip
[2026-07-05 00:03:33] [INFO] Subiendo: ERP_TEST_04.bak
[2026-07-05 00:03:33] [INFO] Subiendo: ERP_TEST_05.7z
[2026-07-05 00:03:33] [INFO] Subiendo: ERP_TEST_06.zip
[2026-07-05 00:03:33] [INFO] Subiendo: ERP_TEST_07.zip
[2026-07-05 00:03:33] [INFO] Subiendo: ERP_TEST_08.zip
[2026-07-05 00:03:33] [INFO] Subiendo: ERP_TEST_09.bak
[2026-07-05 00:03:33] [INFO] Subiendo: ERP_TEST_10.7z
[2026-07-05 00:03:33] [SUCCESS] Proceso finalizado.
[2026-07-05 00:03:37] [INFO] Ejecutando trabajo: TrueNAS Principal
[2026-07-05 00:03:37] [INFO] === Backup Center iniciado ===
[2026-07-05 00:03:37] [INFO] Subiendo: ERP_TEST.zip
[2026-07-05 00:03:37] [INFO] Subiendo: ERP_TEST_01.zip
[2026-07-05 00:03:37] [INFO] Subiendo: ERP_TEST_02.zip
[2026-07-05 00:03:37] [INFO] Subiendo: ERP_TEST_03.zip
[2026-07-05 00:03:37] [INFO] Subiendo: ERP_TEST_04.bak
[2026-07-05 00:03:37] [INFO] Subiendo: ERP_TEST_05.7z
[2026-07-05 00:03:37] [INFO] Subiendo: ERP_TEST_06.zip
[2026-07-05 00:03:37] [INFO] Subiendo: ERP_TEST_07.zip
[2026-07-05 00:03:37] [INFO] Subiendo: ERP_TEST_08.zip
[2026-07-05 00:03:37] [INFO] Subiendo: ERP_TEST_09.bak
[2026-07-05 00:03:37] [INFO] Subiendo: ERP_TEST_10.7z
[2026-07-05 00:03:37] [SUCCESS] Proceso finalizado.
[2026-07-05 00:04:03] [INFO] Ejecutando trabajo: TrueNAS Principal
[2026-07-05 00:04:03] [INFO] === Backup Center iniciado ===
[2026-07-05 00:04:03] [INFO] Subiendo: ERP_TEST.zip
[2026-07-05 00:04:03] [INFO] Subiendo: ERP_TEST_01.zip
[2026-07-05 00:04:03] [INFO] Subiendo: ERP_TEST_02.zip
[2026-07-05 00:04:03] [INFO] Subiendo: ERP_TEST_03.zip
[2026-07-05 00:04:03] [INFO] Subiendo: ERP_TEST_04.bak
[2026-07-05 00:04:03] [INFO] Subiendo: ERP_TEST_05.7z
[2026-07-05 00:04:03] [INFO] Subiendo: ERP_TEST_06.zip
[2026-07-05 00:04:03] [INFO] Subiendo: ERP_TEST_07.zip
[2026-07-05 00:04:03] [INFO] Subiendo: ERP_TEST_08.zip
[2026-07-05 00:04:03] [INFO] Subiendo: ERP_TEST_09.bak
[2026-07-05 00:04:03] [INFO] Subiendo: ERP_TEST_10.7z
[2026-07-05 00:04:03] [INFO] Subiendo: ERP_TEST_11.zip
[2026-07-05 00:04:03] [SUCCESS] Proceso finalizado.
[2026-07-05 00:06:44] [INFO] Ejecutando trabajo: TrueNAS Principal
[2026-07-05 00:06:44] [INFO] === Backup Center iniciado ===
[2026-07-05 00:06:44] [INFO] Subiendo: ERP_TEST.zip
[2026-07-05 00:06:44] [INFO] Subiendo: ERP_TEST_01.zip
[2026-07-05 00:06:44] [INFO] Subiendo: ERP_TEST_02.zip
[2026-07-05 00:06:44] [INFO] Subiendo: ERP_TEST_03.zip
[2026-07-05 00:06:44] [INFO] Subiendo: ERP_TEST_04.bak
[2026-07-05 00:06:44] [INFO] Subiendo: ERP_TEST_05.7z
[2026-07-05 00:06:44] [INFO] Subiendo: ERP_TEST_06.zip
[2026-07-05 00:06:44] [INFO] Subiendo: ERP_TEST_07.zip
[2026-07-05 00:06:44] [INFO] Subiendo: ERP_TEST_08.zip
[2026-07-05 00:06:44] [INFO] Subiendo: ERP_TEST_09.bak
[2026-07-05 00:06:44] [INFO] Subiendo: ERP_TEST_10.7z
[2026-07-05 00:06:44] [INFO] Subiendo: ERP_TEST_11.zip
[2026-07-05 00:06:44] [INFO] Subiendo: ERP_TEST_13.zip
[2026-07-05 00:06:44] [SUCCESS] Proceso finalizado.
[2026-07-05 01:47:57] [INFO] Ejecutando trabajo: TureNas Principal
[2026-07-05 01:47:57] [INFO] === Backup Center iniciado ===
[2026-07-05 01:47:57] [INFO] Subiendo: ERP_TEST.zip
[2026-07-05 01:47:57] [INFO] Subiendo: ERP_TEST_01.zip
[2026-07-05 01:47:57] [INFO] Subiendo: ERP_TEST_02.zip
[2026-07-05 01:47:57] [INFO] Subiendo: ERP_TEST_03.zip
[2026-07-05 01:47:57] [INFO] Subiendo: ERP_TEST_04.bak
[2026-07-05 01:47:57] [INFO] Subiendo: ERP_TEST_05.7z
[2026-07-05 01:47:57] [INFO] Subiendo: ERP_TEST_06.zip
[2026-07-05 01:47:57] [INFO] Subiendo: ERP_TEST_07.zip
[2026-07-05 01:47:57] [INFO] Subiendo: ERP_TEST_08.zip
[2026-07-05 01:47:57] [INFO] Subiendo: ERP_TEST_09.bak
[2026-07-05 01:47:57] [INFO] Subiendo: ERP_TEST_10.7z
[2026-07-05 01:47:57] [INFO] Subiendo: ERP_TEST_11.zip
[2026-07-05 01:47:57] [INFO] Subiendo: ERP_TEST_13.zip
[2026-07-05 01:47:58] [SUCCESS] Proceso finalizado.
[2026-07-05 01:48:17] [INFO] Ejecutando trabajo: TureNas Principal
[2026-07-05 01:48:17] [INFO] === Backup Center iniciado ===
[2026-07-05 01:48:17] [INFO] Subiendo: ERP_TEST.zip
[2026-07-05 01:48:17] [INFO] Subiendo: ERP_TEST_01.zip
[2026-07-05 01:48:17] [INFO] Subiendo: ERP_TEST_02.zip
[2026-07-05 01:48:17] [INFO] Subiendo: ERP_TEST_03.zip
[2026-07-05 01:48:17] [INFO] Subiendo: ERP_TEST_04.bak
[2026-07-05 01:48:17] [INFO] Subiendo: ERP_TEST_05.7z
[2026-07-05 01:48:17] [INFO] Subiendo: ERP_TEST_06.zip
[2026-07-05 01:48:17] [INFO] Subiendo: ERP_TEST_07.zip
[2026-07-05 01:48:17] [INFO] Subiendo: ERP_TEST_08.zip
[2026-07-05 01:48:17] [INFO] Subiendo: ERP_TEST_09.bak
[2026-07-05 01:48:17] [INFO] Subiendo: ERP_TEST_10.7z
[2026-07-05 01:48:17] [INFO] Subiendo: ERP_TEST_11.zip
[2026-07-05 01:48:17] [INFO] Subiendo: ERP_TEST_13.zip
[2026-07-05 01:48:17] [SUCCESS] Proceso finalizado.
[2026-07-05 01:48:22] [INFO] Ejecutando trabajo: TureNas Principal
[2026-07-05 01:48:22] [INFO] === Backup Center iniciado ===
[2026-07-05 01:48:22] [INFO] Subiendo: ERP_TEST.zip
[2026-07-05 01:48:22] [INFO] Subiendo: ERP_TEST_01.zip
[2026-07-05 01:48:22] [INFO] Subiendo: ERP_TEST_02.zip
[2026-07-05 01:48:22] [INFO] Subiendo: ERP_TEST_03.zip
[2026-07-05 01:48:22] [INFO] Subiendo: ERP_TEST_04.bak
[2026-07-05 01:48:22] [INFO] Subiendo: ERP_TEST_05.7z
[2026-07-05 01:48:22] [INFO] Subiendo: ERP_TEST_06.zip
[2026-07-05 01:48:22] [INFO] Subiendo: ERP_TEST_07.zip
[2026-07-05 01:48:22] [INFO] Subiendo: ERP_TEST_08.zip
[2026-07-05 01:48:22] [INFO] Subiendo: ERP_TEST_09.bak
[2026-07-05 01:48:22] [INFO] Subiendo: ERP_TEST_10.7z
[2026-07-05 01:48:22] [INFO] Subiendo: ERP_TEST_11.zip
[2026-07-05 01:48:22] [INFO] Subiendo: ERP_TEST_13.zip
[2026-07-05 01:48:22] [SUCCESS] Proceso finalizado.
[2026-07-05 01:48:55] [INFO] Ejecutando trabajo: TureNas Principal
[2026-07-05 01:48:55] [INFO] === Backup Center iniciado ===
[2026-07-05 01:48:55] [INFO] Subiendo: ERP_TEST.zip
[2026-07-05 01:48:55] [INFO] Subiendo: ERP_TEST_01.zip
[2026-07-05 01:48:55] [INFO] Subiendo: ERP_TEST_02.zip
[2026-07-05 01:48:55] [INFO] Subiendo: ERP_TEST_03.zip
[2026-07-05 01:48:55] [INFO] Subiendo: ERP_TEST_04.bak
[2026-07-05 01:48:55] [INFO] Subiendo: ERP_TEST_05.7z
[2026-07-05 01:48:55] [INFO] Subiendo: ERP_TEST_06.zip
[2026-07-05 01:48:55] [INFO] Subiendo: ERP_TEST_07.zip
[2026-07-05 01:48:55] [INFO] Subiendo: ERP_TEST_08.zip
[2026-07-05 01:48:55] [INFO] Subiendo: ERP_TEST_09.bak
[2026-07-05 01:48:55] [INFO] Subiendo: ERP_TEST_10.7z
[2026-07-05 01:48:55] [INFO] Subiendo: ERP_TEST_11.zip
[2026-07-05 01:48:55] [INFO] Subiendo: ERP_TEST_13.zip
[2026-07-05 01:48:55] [INFO] Subiendo: ERP_TEST_14.zip
[2026-07-05 01:48:56] [SUCCESS] Proceso finalizado.
[2026-07-05 01:49:59] [INFO] Ejecutando trabajo: TureNas Principal
[2026-07-05 01:49:59] [INFO] === Backup Center iniciado ===
[2026-07-05 01:49:59] [INFO] Subiendo: ERP_TEST.zip
[2026-07-05 01:49:59] [INFO] Subiendo: ERP_TEST_01.zip
[2026-07-05 01:49:59] [INFO] Subiendo: ERP_TEST_02.zip
[2026-07-05 01:49:59] [INFO] Subiendo: ERP_TEST_03.zip
[2026-07-05 01:49:59] [INFO] Subiendo: ERP_TEST_04.bak
[2026-07-05 01:49:59] [INFO] Subiendo: ERP_TEST_05.7z
[2026-07-05 01:49:59] [INFO] Subiendo: ERP_TEST_06.zip
[2026-07-05 01:49:59] [INFO] Subiendo: ERP_TEST_07.zip
[2026-07-05 01:49:59] [INFO] Subiendo: ERP_TEST_08.zip
[2026-07-05 01:49:59] [INFO] Subiendo: ERP_TEST_09.bak
[2026-07-05 01:49:59] [INFO] Subiendo: ERP_TEST_10.7z
[2026-07-05 01:49:59] [INFO] Subiendo: ERP_TEST_11.zip
[2026-07-05 01:49:59] [INFO] Subiendo: ERP_TEST_13.zip
[2026-07-05 01:49:59] [INFO] Subiendo: ERP_TEST_14.zip
[2026-07-05 01:49:59] [SUCCESS] Proceso finalizado.
[2026-07-05 01:58:40] [INFO] Ejecutando trabajo: TureNas Principal
[2026-07-05 01:58:40] [INFO] === Backup Center iniciado ===
[2026-07-05 01:58:40] [INFO] Subiendo: ERP_TEST.zip
[2026-07-05 01:58:40] [INFO] Subiendo: ERP_TEST_01.zip
[2026-07-05 01:58:40] [INFO] Subiendo: ERP_TEST_02.zip
[2026-07-05 01:58:40] [INFO] Subiendo: ERP_TEST_03.zip
[2026-07-05 01:58:40] [INFO] Subiendo: ERP_TEST_04.bak
[2026-07-05 01:58:40] [INFO] Subiendo: ERP_TEST_05.7z
[2026-07-05 01:58:40] [INFO] Subiendo: ERP_TEST_06.zip
[2026-07-05 01:58:40] [INFO] Subiendo: ERP_TEST_07.zip
[2026-07-05 01:58:40] [INFO] Subiendo: ERP_TEST_08.zip
[2026-07-05 01:58:40] [INFO] Subiendo: ERP_TEST_09.bak
[2026-07-05 01:58:40] [INFO] Subiendo: ERP_TEST_10.7z
[2026-07-05 01:58:40] [INFO] Subiendo: ERP_TEST_11.zip
[2026-07-05 01:58:40] [INFO] Subiendo: ERP_TEST_13.zip
[2026-07-05 01:58:40] [INFO] Subiendo: ERP_TEST_14.zip
[2026-07-05 01:58:40] [SUCCESS] Proceso finalizado.
[2026-07-05 01:58:59] [INFO] Ejecutando trabajo: TureNas Principal
[2026-07-05 01:58:59] [INFO] === Backup Center iniciado ===
[2026-07-05 01:58:59] [INFO] Subiendo: ERP_TEST.zip
[2026-07-05 01:58:59] [INFO] Subiendo: ERP_TEST_01.zip
[2026-07-05 01:58:59] [INFO] Subiendo: ERP_TEST_02.zip
[2026-07-05 01:58:59] [INFO] Subiendo: ERP_TEST_03.zip
[2026-07-05 01:58:59] [INFO] Subiendo: ERP_TEST_04.bak
[2026-07-05 01:58:59] [INFO] Subiendo: ERP_TEST_05.7z
[2026-07-05 01:58:59] [INFO] Subiendo: ERP_TEST_06.zip
[2026-07-05 01:58:59] [INFO] Subiendo: ERP_TEST_07.zip
[2026-07-05 01:58:59] [INFO] Subiendo: ERP_TEST_08.zip
[2026-07-05 01:58:59] [INFO] Subiendo: ERP_TEST_09.bak
[2026-07-05 01:58:59] [INFO] Subiendo: ERP_TEST_10.7z
[2026-07-05 01:58:59] [INFO] Subiendo: ERP_TEST_11.zip
[2026-07-05 01:58:59] [INFO] Subiendo: ERP_TEST_13.zip
[2026-07-05 01:58:59] [INFO] Subiendo: ERP_TEST_14.zip
[2026-07-05 01:58:59] [SUCCESS] Proceso finalizado.
[2026-07-05 02:01:39] [INFO] Ejecutando trabajo: ERP SQL 2
[2026-07-05 02:01:39] [INFO] === Backup Center iniciado ===
[2026-07-05 02:01:39] [INFO] Subiendo: ERP_TEST.zip
[2026-07-05 02:01:40] [INFO] Subiendo: ERP_TEST_01.zip
[2026-07-05 02:01:40] [INFO] Subiendo: ERP_TEST_02.zip
[2026-07-05 02:01:40] [INFO] Subiendo: ERP_TEST_03.zip
[2026-07-05 02:01:40] [INFO] Subiendo: ERP_TEST_04.bak
[2026-07-05 02:01:40] [INFO] Subiendo: ERP_TEST_05.7z
[2026-07-05 02:01:40] [INFO] Subiendo: ERP_TEST_06.zip
[2026-07-05 02:01:40] [INFO] Subiendo: ERP_TEST_07.zip
[2026-07-05 02:01:40] [INFO] Subiendo: ERP_TEST_08.zip
[2026-07-05 02:01:40] [INFO] Subiendo: ERP_TEST_09.bak
[2026-07-05 02:01:40] [INFO] Subiendo: ERP_TEST_10.7z
[2026-07-05 02:01:40] [INFO] Subiendo: ERP_TEST_11.zip
[2026-07-05 02:01:40] [INFO] Subiendo: ERP_TEST_13.zip
[2026-07-05 02:01:40] [INFO] Subiendo: ERP_TEST_14.zip
[2026-07-05 02:01:41] [SUCCESS] Proceso finalizado.
[2026-07-05 02:08:25] [INFO] Ejecutando trabajo: ERP SQL 2
[2026-07-05 02:08:25] [INFO] === Backup Center iniciado ===
[2026-07-05 02:08:25] [INFO] Subiendo: ERP_TEST.zip
[2026-07-05 02:08:25] [INFO] Subiendo: ERP_TEST_01.zip
[2026-07-05 02:08:25] [INFO] Subiendo: ERP_TEST_02.zip
[2026-07-05 02:08:25] [INFO] Subiendo: ERP_TEST_03.zip
[2026-07-05 02:08:25] [INFO] Subiendo: ERP_TEST_04.bak
[2026-07-05 02:08:25] [INFO] Subiendo: ERP_TEST_05.7z
[2026-07-05 02:08:25] [INFO] Subiendo: ERP_TEST_06.zip
[2026-07-05 02:08:25] [INFO] Subiendo: ERP_TEST_07.zip
[2026-07-05 02:08:25] [INFO] Subiendo: ERP_TEST_08.zip
[2026-07-05 02:08:25] [INFO] Subiendo: ERP_TEST_09.bak
[2026-07-05 02:08:25] [INFO] Subiendo: ERP_TEST_10.7z
[2026-07-05 02:08:25] [INFO] Subiendo: ERP_TEST_11.zip
[2026-07-05 02:08:25] [INFO] Subiendo: ERP_TEST_13.zip
[2026-07-05 02:08:25] [INFO] Subiendo: ERP_TEST_14.zip
[2026-07-05 02:08:25] [SUCCESS] Proceso finalizado.
[2026-07-05 02:15:32] [INFO] Ejecutando trabajo: ERP SQL
[2026-07-05 02:15:32] [INFO] === Backup Center iniciado ===
[2026-07-05 02:15:32] [INFO] Subiendo: ERP_TEST.zip
[2026-07-05 02:15:32] [INFO] Subiendo: ERP_TEST_01.zip
[2026-07-05 02:15:32] [INFO] Subiendo: ERP_TEST_02.zip
[2026-07-05 02:15:32] [INFO] Subiendo: ERP_TEST_03.zip
[2026-07-05 02:15:32] [INFO] Subiendo: ERP_TEST_04.bak
[2026-07-05 02:15:32] [INFO] Subiendo: ERP_TEST_05.7z
[2026-07-05 02:15:32] [INFO] Subiendo: ERP_TEST_06.zip
[2026-07-05 02:15:32] [INFO] Subiendo: ERP_TEST_07.zip
[2026-07-05 02:15:32] [INFO] Subiendo: ERP_TEST_08.zip
[2026-07-05 02:15:32] [INFO] Subiendo: ERP_TEST_09.bak
[2026-07-05 02:15:32] [INFO] Subiendo: ERP_TEST_10.7z
[2026-07-05 02:15:32] [INFO] Subiendo: ERP_TEST_11.zip
[2026-07-05 02:15:32] [INFO] Subiendo: ERP_TEST_13.zip
[2026-07-05 02:15:33] [INFO] Subiendo: ERP_TEST_14.zip
[2026-07-05 02:15:33] [SUCCESS] Proceso finalizado.
[2026-07-05 02:42:08] [INFO] Ejecutando trabajo: ERP SQL
[2026-07-05 02:42:08] [INFO] === Backup Center iniciado ===
[2026-07-05 02:42:08] [INFO] Subiendo: ERP_TEST.zip
[2026-07-05 02:42:08] [INFO] Subiendo: ERP_TEST_01.zip
[2026-07-05 02:42:08] [INFO] Subiendo: ERP_TEST_02.zip
[2026-07-05 02:42:08] [INFO] Subiendo: ERP_TEST_03.zip
[2026-07-05 02:42:08] [INFO] Subiendo: ERP_TEST_04.bak
[2026-07-05 02:42:08] [INFO] Subiendo: ERP_TEST_05.7z
[2026-07-05 02:42:08] [INFO] Subiendo: ERP_TEST_06.zip
[2026-07-05 02:42:08] [INFO] Subiendo: ERP_TEST_07.zip
[2026-07-05 02:42:08] [INFO] Subiendo: ERP_TEST_08.zip
[2026-07-05 02:42:08] [INFO] Subiendo: ERP_TEST_09.bak
[2026-07-05 02:42:08] [INFO] Subiendo: ERP_TEST_10.7z
[2026-07-05 02:42:08] [INFO] Subiendo: ERP_TEST_11.zip
[2026-07-05 02:42:08] [INFO] Subiendo: ERP_TEST_13.zip
[2026-07-05 02:42:08] [INFO] Subiendo: ERP_TEST_14.zip
[2026-07-05 02:42:09] [SUCCESS] Proceso finalizado.
[2026-07-05 03:00:32] [INFO] Ejecutando trabajo: ERP SQL
[2026-07-05 03:00:32] [INFO] === Backup Center iniciado ===
[2026-07-05 03:00:32] [INFO] Subiendo: ERP_TEST.zip
[2026-07-05 03:00:33] [INFO] Subiendo: ERP_TEST_01.zip
[2026-07-05 03:00:33] [INFO] Subiendo: ERP_TEST_02.zip
[2026-07-05 03:00:33] [INFO] Subiendo: ERP_TEST_03.zip
[2026-07-05 03:00:34] [INFO] Subiendo: ERP_TEST_04.bak
[2026-07-05 03:00:34] [INFO] Subiendo: ERP_TEST_05.7z
[2026-07-05 03:00:35] [INFO] Subiendo: ERP_TEST_06.zip
[2026-07-05 03:00:35] [INFO] Subiendo: ERP_TEST_07.zip
[2026-07-05 03:00:35] [INFO] Subiendo: ERP_TEST_08.zip
[2026-07-05 03:00:36] [INFO] Subiendo: ERP_TEST_09.bak
[2026-07-05 03:00:36] [INFO] Subiendo: ERP_TEST_10.7z
[2026-07-05 03:00:36] [INFO] Subiendo: ERP_TEST_11.zip
[2026-07-05 03:00:37] [INFO] Subiendo: ERP_TEST_13.zip
[2026-07-05 03:00:37] [INFO] Subiendo: ERP_TEST_14.zip
[2026-07-05 03:00:37] [SUCCESS] Proceso finalizado.
[2026-07-05 03:02:33] [INFO] Ejecutando trabajo: ERP SQL
[2026-07-05 03:02:33] [INFO] === Backup Center iniciado ===
[2026-07-05 03:02:33] [INFO] Subiendo: ERP_TEST.zip
[2026-07-05 03:02:33] [INFO] Subiendo: ERP_TEST_01.zip
[2026-07-05 03:02:33] [INFO] Subiendo: ERP_TEST_02.zip
[2026-07-05 03:02:33] [INFO] Subiendo: ERP_TEST_03.zip
[2026-07-05 03:02:33] [INFO] Subiendo: ERP_TEST_04.bak
[2026-07-05 03:02:33] [INFO] Subiendo: ERP_TEST_05.7z
[2026-07-05 03:02:33] [INFO] Subiendo: ERP_TEST_06.zip
[2026-07-05 03:02:33] [INFO] Subiendo: ERP_TEST_07.zip
[2026-07-05 03:02:33] [INFO] Subiendo: ERP_TEST_08.zip
[2026-07-05 03:02:33] [INFO] Subiendo: ERP_TEST_09.bak
[2026-07-05 03:02:33] [INFO] Subiendo: ERP_TEST_10.7z
[2026-07-05 03:02:33] [INFO] Subiendo: ERP_TEST_11.zip
[2026-07-05 03:02:33] [INFO] Subiendo: ERP_TEST_13.zip
[2026-07-05 03:02:33] [INFO] Subiendo: ERP_TEST_14.zip
[2026-07-05 03:02:33] [SUCCESS] Proceso finalizado.
[2026-07-05 03:03:17] [INFO] Ejecutando trabajo: ERP SQL
[2026-07-05 03:03:17] [INFO] === Backup Center iniciado ===
[2026-07-05 03:03:17] [INFO] Subiendo: ERP_TEST.zip
[2026-07-05 03:03:17] [INFO] Subiendo: ERP_TEST_01.zip
[2026-07-05 03:03:17] [INFO] Subiendo: ERP_TEST_02.zip
[2026-07-05 03:03:17] [INFO] Subiendo: ERP_TEST_03.zip
[2026-07-05 03:03:17] [INFO] Subiendo: ERP_TEST_04.bak
[2026-07-05 03:03:17] [INFO] Subiendo: ERP_TEST_05.7z
[2026-07-05 03:03:17] [INFO] Subiendo: ERP_TEST_06.zip
[2026-07-05 03:03:17] [INFO] Subiendo: ERP_TEST_07.zip
[2026-07-05 03:03:17] [INFO] Subiendo: ERP_TEST_08.zip
[2026-07-05 03:03:17] [INFO] Subiendo: ERP_TEST_09.bak
[2026-07-05 03:03:17] [INFO] Subiendo: ERP_TEST_10.7z
[2026-07-05 03:03:17] [INFO] Subiendo: ERP_TEST_11.zip
[2026-07-05 03:03:17] [INFO] Subiendo: ERP_TEST_13.zip
[2026-07-05 03:03:17] [INFO] Subiendo: ERP_TEST_14.zip
[2026-07-05 03:03:17] [INFO] Subiendo: ERP_TEST_15.zip
[2026-07-05 03:03:17] [SUCCESS] Proceso finalizado.
[2026-07-05 03:49:37] [INFO] Ejecutando trabajo: ERP SQL
[2026-07-05 03:49:37] [INFO] === Backup Center iniciado ===
[2026-07-05 03:49:37] [INFO] Subiendo: ERP_TEST.zip
[2026-07-05 03:49:37] [INFO] Subiendo: ERP_TEST_01.zip
[2026-07-05 03:49:37] [INFO] Subiendo: ERP_TEST_02.zip
[2026-07-05 03:49:37] [INFO] Subiendo: ERP_TEST_03.zip
[2026-07-05 03:49:37] [INFO] Subiendo: ERP_TEST_04.bak
[2026-07-05 03:49:37] [INFO] Subiendo: ERP_TEST_05.7z
[2026-07-05 03:49:37] [INFO] Subiendo: ERP_TEST_06.zip
[2026-07-05 03:49:37] [INFO] Subiendo: ERP_TEST_07.zip
[2026-07-05 03:49:37] [INFO] Subiendo: ERP_TEST_08.zip
[2026-07-05 03:49:37] [INFO] Subiendo: ERP_TEST_09.bak
[2026-07-05 03:49:37] [INFO] Subiendo: ERP_TEST_10.7z
[2026-07-05 03:49:37] [INFO] Subiendo: ERP_TEST_11.zip
[2026-07-05 03:49:37] [INFO] Subiendo: ERP_TEST_13.zip
[2026-07-05 03:49:37] [INFO] Subiendo: ERP_TEST_14.zip
[2026-07-05 03:49:37] [INFO] Subiendo: ERP_TEST_15.zip
[2026-07-05 03:49:37] [SUCCESS] Proceso finalizado.
[2026-07-05 04:27:19] [INFO] Ejecutando trabajo: ERP SQL
[2026-07-05 04:27:19] [INFO] === Backup Center iniciado ===
[2026-07-05 04:27:19] [INFO] Subiendo: ERP_TEST.zip
[2026-07-05 04:27:19] [INFO] Subiendo: ERP_TEST_01.zip
[2026-07-05 04:27:19] [INFO] Subiendo: ERP_TEST_02.zip
[2026-07-05 04:27:19] [INFO] Subiendo: ERP_TEST_03.zip
[2026-07-05 04:27:19] [INFO] Subiendo: ERP_TEST_04.bak
[2026-07-05 04:27:19] [INFO] Subiendo: ERP_TEST_05.7z
[2026-07-05 04:27:19] [INFO] Subiendo: ERP_TEST_06.zip
[2026-07-05 04:27:19] [INFO] Subiendo: ERP_TEST_07.zip
[2026-07-05 04:27:19] [INFO] Subiendo: ERP_TEST_08.zip
[2026-07-05 04:27:19] [INFO] Subiendo: ERP_TEST_09.bak
[2026-07-05 04:27:19] [INFO] Subiendo: ERP_TEST_10.7z
[2026-07-05 04:27:19] [INFO] Subiendo: ERP_TEST_11.zip
[2026-07-05 04:27:19] [INFO] Subiendo: ERP_TEST_13.zip
[2026-07-05 04:27:19] [INFO] Subiendo: ERP_TEST_14.zip
[2026-07-05 04:27:19] [INFO] Subiendo: ERP_TEST_15.zip
[2026-07-05 04:27:19] [SUCCESS] Proceso finalizado.
[2026-07-05 04:33:04] [INFO] Ejecutando trabajo: ERP SQL
[2026-07-05 04:33:04] [INFO] === Backup Center iniciado ===
[2026-07-05 04:33:04] [INFO] Subiendo: ERP_TEST.zip
[2026-07-05 04:33:04] [INFO] Subiendo: ERP_TEST_01.zip
[2026-07-05 04:33:04] [INFO] Subiendo: ERP_TEST_02.zip
[2026-07-05 04:33:04] [INFO] Subiendo: ERP_TEST_03.zip
[2026-07-05 04:33:04] [INFO] Subiendo: ERP_TEST_04.bak
[2026-07-05 04:33:04] [INFO] Subiendo: ERP_TEST_05.7z
[2026-07-05 04:33:04] [INFO] Subiendo: ERP_TEST_06.zip
[2026-07-05 04:33:04] [INFO] Subiendo: ERP_TEST_07.zip
[2026-07-05 04:33:04] [INFO] Subiendo: ERP_TEST_08.zip
[2026-07-05 04:33:04] [INFO] Subiendo: ERP_TEST_09.bak
[2026-07-05 04:33:04] [INFO] Subiendo: ERP_TEST_10.7z
[2026-07-05 04:33:04] [INFO] Subiendo: ERP_TEST_11.zip
[2026-07-05 04:33:04] [INFO] Subiendo: ERP_TEST_13.zip
[2026-07-05 04:33:04] [INFO] Subiendo: ERP_TEST_14.zip
[2026-07-05 04:33:04] [INFO] Subiendo: ERP_TEST_15.zip
[2026-07-05 04:33:04] [SUCCESS] Proceso finalizado.
[2026-07-05 04:33:56] [INFO] Ejecutando trabajo: ERP SQL
[2026-07-05 04:33:56] [INFO] === Backup Center iniciado ===
[2026-07-05 04:33:56] [INFO] Subiendo: ERP_TEST.zip
[2026-07-05 04:33:56] [INFO] Subiendo: ERP_TEST_01.zip
[2026-07-05 04:33:56] [INFO] Subiendo: ERP_TEST_02.zip
[2026-07-05 04:33:56] [INFO] Subiendo: ERP_TEST_03.zip
[2026-07-05 04:33:56] [INFO] Subiendo: ERP_TEST_04.bak
[2026-07-05 04:33:56] [INFO] Subiendo: ERP_TEST_05.7z
[2026-07-05 04:33:56] [INFO] Subiendo: ERP_TEST_06.zip
[2026-07-05 04:33:56] [INFO] Subiendo: ERP_TEST_07.zip
[2026-07-05 04:33:56] [INFO] Subiendo: ERP_TEST_08.zip
[2026-07-05 04:33:56] [INFO] Subiendo: ERP_TEST_09.bak
[2026-07-05 04:33:56] [INFO] Subiendo: ERP_TEST_10.7z
[2026-07-05 04:33:56] [INFO] Subiendo: ERP_TEST_11.zip
[2026-07-05 04:33:56] [INFO] Subiendo: ERP_TEST_13.zip
[2026-07-05 04:33:56] [INFO] Subiendo: ERP_TEST_14.zip
[2026-07-05 04:33:56] [INFO] Subiendo: ERP_TEST_15.zip
[2026-07-05 04:33:56] [SUCCESS] Proceso finalizado.
[2026-07-05 05:20:16] [INFO] Ejecutando trabajo: ERP SQL
[2026-07-05 05:20:16] [INFO] === Backup Center iniciado ===
[2026-07-05 05:20:16] [INFO] Subiendo: ERP_TEST.zip
[2026-07-05 05:20:16] [INFO] Subiendo: ERP_TEST_01.zip
[2026-07-05 05:20:17] [INFO] Subiendo: ERP_TEST_02.zip
[2026-07-05 05:20:17] [INFO] Subiendo: ERP_TEST_03.zip
[2026-07-05 05:20:17] [INFO] Subiendo: ERP_TEST_04.bak
[2026-07-05 05:20:18] [INFO] Subiendo: ERP_TEST_05.7z
[2026-07-05 05:20:18] [INFO] Subiendo: ERP_TEST_06.zip
[2026-07-05 05:20:19] [INFO] Subiendo: ERP_TEST_07.zip
[2026-07-05 05:20:19] [INFO] Subiendo: ERP_TEST_08.zip
[2026-07-05 05:20:19] [INFO] Subiendo: ERP_TEST_09.bak
[2026-07-05 05:20:20] [INFO] Subiendo: ERP_TEST_10.7z
[2026-07-05 05:20:20] [INFO] Subiendo: ERP_TEST_11.zip
[2026-07-05 05:20:21] [INFO] Subiendo: ERP_TEST_13.zip
[2026-07-05 05:20:21] [INFO] Subiendo: ERP_TEST_14.zip
[2026-07-05 05:20:21] [INFO] Subiendo: ERP_TEST_15.zip
[2026-07-05 05:20:22] [SUCCESS] Proceso finalizado.
[2026-07-05 05:42:24] [INFO] Ejecutando trabajo: ERP SQL
[2026-07-05 05:42:24] [INFO] === Backup Center iniciado ===
[2026-07-05 05:42:24] [INFO] Subiendo: ERP_TEST.zip
[2026-07-05 05:42:24] [INFO] Subiendo: ERP_TEST_01.zip
[2026-07-05 05:42:24] [INFO] Subiendo: ERP_TEST_02.zip
[2026-07-05 05:42:24] [INFO] Subiendo: ERP_TEST_03.zip
[2026-07-05 05:42:24] [INFO] Subiendo: ERP_TEST_04.bak
[2026-07-05 05:42:24] [INFO] Subiendo: ERP_TEST_05.7z
[2026-07-05 05:42:24] [INFO] Subiendo: ERP_TEST_06.zip
[2026-07-05 05:42:24] [INFO] Subiendo: ERP_TEST_07.zip
[2026-07-05 05:42:24] [INFO] Subiendo: ERP_TEST_08.zip
[2026-07-05 05:42:24] [INFO] Subiendo: ERP_TEST_09.bak
[2026-07-05 05:42:24] [INFO] Subiendo: ERP_TEST_10.7z
[2026-07-05 05:42:24] [INFO] Subiendo: ERP_TEST_11.zip
[2026-07-05 05:42:24] [INFO] Subiendo: ERP_TEST_13.zip
[2026-07-05 05:42:24] [INFO] Subiendo: ERP_TEST_14.zip
[2026-07-05 05:42:24] [INFO] Subiendo: ERP_TEST_15.zip
[2026-07-05 05:42:24] [SUCCESS] Proceso finalizado.
[2026-07-05 06:11:34] [INFO] Ejecutando trabajo: ERP SQL
[2026-07-05 06:11:34] [INFO] === Backup Center iniciado ===
[2026-07-05 06:11:34] [INFO] Subiendo: ERP_TEST.zip
[2026-07-05 06:11:35] [INFO] Subiendo: ERP_TEST_01.zip
[2026-07-05 06:11:35] [INFO] Subiendo: ERP_TEST_02.zip
[2026-07-05 06:11:35] [INFO] Subiendo: ERP_TEST_03.zip
[2026-07-05 06:11:36] [INFO] Subiendo: ERP_TEST_04.bak
[2026-07-05 06:11:36] [INFO] Subiendo: ERP_TEST_05.7z
[2026-07-05 06:11:37] [INFO] Subiendo: ERP_TEST_06.zip
[2026-07-05 06:11:37] [INFO] Subiendo: ERP_TEST_07.zip
[2026-07-05 06:11:37] [INFO] Subiendo: ERP_TEST_08.zip
[2026-07-05 06:11:38] [INFO] Subiendo: ERP_TEST_09.bak
[2026-07-05 06:11:38] [INFO] Subiendo: ERP_TEST_10.7z
[2026-07-05 06:11:38] [INFO] Subiendo: ERP_TEST_11.zip
[2026-07-05 06:11:39] [INFO] Subiendo: ERP_TEST_13.zip
[2026-07-05 06:11:39] [INFO] Subiendo: ERP_TEST_14.zip
[2026-07-05 06:11:40] [INFO] Subiendo: ERP_TEST_15.zip
[2026-07-05 06:11:40] [SUCCESS] Proceso finalizado.
[2026-07-05 06:19:59] [INFO] Ejecutando trabajo: ERP SQL
[2026-07-05 06:19:59] [INFO] === Backup Center iniciado ===
[2026-07-05 06:19:59] [INFO] Subiendo: ERP_TEST.zip
[2026-07-05 06:19:59] [INFO] Subiendo: ERP_TEST_01.zip
[2026-07-05 06:19:59] [INFO] Subiendo: ERP_TEST_02.zip
[2026-07-05 06:19:59] [INFO] Subiendo: ERP_TEST_03.zip
[2026-07-05 06:19:59] [INFO] Subiendo: ERP_TEST_04.bak
[2026-07-05 06:19:59] [INFO] Subiendo: ERP_TEST_05.7z
[2026-07-05 06:19:59] [INFO] Subiendo: ERP_TEST_06.zip
[2026-07-05 06:19:59] [INFO] Subiendo: ERP_TEST_07.zip
[2026-07-05 06:19:59] [INFO] Subiendo: ERP_TEST_08.zip
[2026-07-05 06:19:59] [INFO] Subiendo: ERP_TEST_09.bak
[2026-07-05 06:19:59] [INFO] Subiendo: ERP_TEST_10.7z
[2026-07-05 06:19:59] [INFO] Subiendo: ERP_TEST_11.zip
[2026-07-05 06:19:59] [INFO] Subiendo: ERP_TEST_13.zip
[2026-07-05 06:19:59] [INFO] Subiendo: ERP_TEST_14.zip
[2026-07-05 06:19:59] [INFO] Subiendo: ERP_TEST_15.zip
[2026-07-05 06:19:59] [SUCCESS] Proceso finalizado.
[2026-07-05 06:20:05] [INFO] Ejecutando trabajo: ERP SQL
[2026-07-05 06:20:05] [INFO] === Backup Center iniciado ===
[2026-07-05 06:20:05] [INFO] Subiendo: ERP_TEST.zip
[2026-07-05 06:20:05] [INFO] Subiendo: ERP_TEST_01.zip
[2026-07-05 06:20:05] [INFO] Subiendo: ERP_TEST_02.zip
[2026-07-05 06:20:05] [INFO] Subiendo: ERP_TEST_03.zip
[2026-07-05 06:20:05] [INFO] Subiendo: ERP_TEST_04.bak
[2026-07-05 06:20:05] [INFO] Subiendo: ERP_TEST_05.7z
[2026-07-05 06:20:05] [INFO] Subiendo: ERP_TEST_06.zip
[2026-07-05 06:20:05] [INFO] Subiendo: ERP_TEST_07.zip
[2026-07-05 06:20:05] [INFO] Subiendo: ERP_TEST_08.zip
[2026-07-05 06:20:05] [INFO] Subiendo: ERP_TEST_09.bak
[2026-07-05 06:20:05] [INFO] Subiendo: ERP_TEST_10.7z
[2026-07-05 06:20:05] [INFO] Subiendo: ERP_TEST_11.zip
[2026-07-05 06:20:05] [INFO] Subiendo: ERP_TEST_13.zip
[2026-07-05 06:20:05] [INFO] Subiendo: ERP_TEST_14.zip
[2026-07-05 06:20:05] [INFO] Subiendo: ERP_TEST_15.zip
[2026-07-05 06:20:05] [SUCCESS] Proceso finalizado.
[2026-07-05 06:20:12] [INFO] Ejecutando trabajo: ERP SQL
[2026-07-05 06:20:12] [INFO] === Backup Center iniciado ===
[2026-07-05 06:20:12] [INFO] Subiendo: ERP_TEST.zip
[2026-07-05 06:20:12] [INFO] Subiendo: ERP_TEST_01.zip
[2026-07-05 06:20:12] [INFO] Subiendo: ERP_TEST_02.zip
[2026-07-05 06:20:12] [INFO] Subiendo: ERP_TEST_03.zip
[2026-07-05 06:20:12] [INFO] Subiendo: ERP_TEST_04.bak
[2026-07-05 06:20:12] [INFO] Subiendo: ERP_TEST_05.7z
[2026-07-05 06:20:12] [INFO] Subiendo: ERP_TEST_06.zip
[2026-07-05 06:20:12] [INFO] Subiendo: ERP_TEST_07.zip
[2026-07-05 06:20:12] [INFO] Subiendo: ERP_TEST_08.zip
[2026-07-05 06:20:12] [INFO] Subiendo: ERP_TEST_09.bak
[2026-07-05 06:20:12] [INFO] Subiendo: ERP_TEST_10.7z
[2026-07-05 06:20:12] [INFO] Subiendo: ERP_TEST_11.zip
[2026-07-05 06:20:12] [INFO] Subiendo: ERP_TEST_13.zip
[2026-07-05 06:20:12] [INFO] Subiendo: ERP_TEST_14.zip
[2026-07-05 06:20:12] [INFO] Subiendo: ERP_TEST_15.zip
[2026-07-05 06:20:12] [SUCCESS] Proceso finalizado.
[2026-07-05 06:20:14] [INFO] Ejecutando trabajo: ERP SQL
[2026-07-05 06:20:14] [INFO] === Backup Center iniciado ===
[2026-07-05 06:20:14] [INFO] Subiendo: ERP_TEST.zip
[2026-07-05 06:20:14] [INFO] Subiendo: ERP_TEST_01.zip
[2026-07-05 06:20:14] [INFO] Subiendo: ERP_TEST_02.zip
[2026-07-05 06:20:14] [INFO] Subiendo: ERP_TEST_03.zip
[2026-07-05 06:20:14] [INFO] Subiendo: ERP_TEST_04.bak
[2026-07-05 06:20:14] [INFO] Subiendo: ERP_TEST_05.7z
[2026-07-05 06:20:14] [INFO] Subiendo: ERP_TEST_06.zip
[2026-07-05 06:20:14] [INFO] Subiendo: ERP_TEST_07.zip
[2026-07-05 06:20:14] [INFO] Subiendo: ERP_TEST_08.zip
[2026-07-05 06:20:14] [INFO] Subiendo: ERP_TEST_09.bak
[2026-07-05 06:20:14] [INFO] Subiendo: ERP_TEST_10.7z
[2026-07-05 06:20:14] [INFO] Subiendo: ERP_TEST_11.zip
[2026-07-05 06:20:14] [INFO] Subiendo: ERP_TEST_13.zip
[2026-07-05 06:20:14] [INFO] Subiendo: ERP_TEST_14.zip
[2026-07-05 06:20:14] [INFO] Subiendo: ERP_TEST_15.zip
[2026-07-05 06:20:14] [SUCCESS] Proceso finalizado.
[2026-07-05 06:21:14] [INFO] Ejecutando trabajo: ERP SQL
[2026-07-05 06:21:14] [INFO] === Backup Center iniciado ===
[2026-07-05 06:21:14] [INFO] Subiendo: ERP_TEST.zip
[2026-07-05 06:21:14] [INFO] Subiendo: ERP_TEST_01.zip
[2026-07-05 06:21:14] [INFO] Subiendo: ERP_TEST_02.zip
[2026-07-05 06:21:14] [INFO] Subiendo: ERP_TEST_03.zip
[2026-07-05 06:21:14] [INFO] Subiendo: ERP_TEST_04.bak
[2026-07-05 06:21:14] [INFO] Subiendo: ERP_TEST_05.7z
[2026-07-05 06:21:14] [INFO] Subiendo: ERP_TEST_06.zip
[2026-07-05 06:21:14] [INFO] Subiendo: ERP_TEST_07.zip
[2026-07-05 06:21:14] [INFO] Subiendo: ERP_TEST_08.zip
[2026-07-05 06:21:14] [INFO] Subiendo: ERP_TEST_09.bak
[2026-07-05 06:21:14] [INFO] Subiendo: ERP_TEST_10.7z
[2026-07-05 06:21:14] [INFO] Subiendo: ERP_TEST_11.zip
[2026-07-05 06:21:14] [INFO] Subiendo: ERP_TEST_13.zip
[2026-07-05 06:21:14] [INFO] Subiendo: ERP_TEST_14.zip
[2026-07-05 06:21:14] [INFO] Subiendo: ERP_TEST_15.zip
[2026-07-05 06:21:14] [SUCCESS] Proceso finalizado.
[2026-07-05 06:37:49] [INFO] Ejecutando trabajo: ERP SQL
[2026-07-05 06:37:49] [INFO] === Backup Center iniciado ===
[2026-07-05 06:37:49] [INFO] Subiendo: ERP_TEST.zip
[2026-07-05 06:37:49] [INFO] Subiendo: ERP_TEST_01.zip
[2026-07-05 06:37:50] [INFO] Subiendo: ERP_TEST_02.zip
[2026-07-05 06:37:50] [INFO] Subiendo: ERP_TEST_03.zip
[2026-07-05 06:37:50] [INFO] Subiendo: ERP_TEST_04.bak
[2026-07-05 06:37:51] [INFO] Subiendo: ERP_TEST_05.7z
[2026-07-05 06:37:51] [INFO] Subiendo: ERP_TEST_06.zip
[2026-07-05 06:37:51] [INFO] Subiendo: ERP_TEST_07.zip
[2026-07-05 06:37:52] [INFO] Subiendo: ERP_TEST_08.zip
[2026-07-05 06:37:52] [INFO] Subiendo: ERP_TEST_09.bak
[2026-07-05 06:37:52] [INFO] Subiendo: ERP_TEST_10.7z
[2026-07-05 06:37:53] [INFO] Subiendo: ERP_TEST_11.zip
[2026-07-05 06:37:53] [INFO] Subiendo: ERP_TEST_13.zip
[2026-07-05 06:37:54] [INFO] Subiendo: ERP_TEST_14.zip
[2026-07-05 06:37:54] [INFO] Subiendo: ERP_TEST_15.zip
[2026-07-05 06:37:54] [SUCCESS] Proceso finalizado.
