[2026-07-12 04:45:16] [INFO] Ejecutando trabajo: ERP SQL
[2026-07-12 04:45:16] [INFO] === Backup Center iniciado ===
[2026-07-12 04:45:17] [SUCCESS] Proceso finalizado.
[2026-07-12 04:47:18] [INFO] Ejecutando trabajo: ERP SQL
[2026-07-12 04:47:18] [INFO] === Backup Center iniciado ===
[2026-07-12 04:47:19] [SUCCESS] Proceso finalizado.
[2026-07-12 04:54:56] [INFO] Ejecutando trabajo: ERP SQL
[2026-07-12 04:54:56] [INFO] === Backup Center iniciado ===
[2026-07-12 04:54:56] [SUCCESS] Proceso finalizado.
[2026-07-12 05:39:47] [INFO] Ejecutando trabajo: ERP SQL
[2026-07-12 05:39:47] [INFO] === Backup Center iniciado ===
[2026-07-12 05:39:47] [SUCCESS] Proceso finalizado.
[2026-07-12 05:57:25] [INFO] Ejecutando trabajo: ERP SQL
[2026-07-12 05:57:25] [INFO] === Backup Center iniciado ===
[2026-07-12 05:57:25] [SUCCESS] Proceso finalizado.
[2026-07-12 06:01:22] [INFO] Ejecutando trabajo: ERP SQL
[2026-07-12 06:01:22] [INFO] === Backup Center iniciado ===
[2026-07-12 06:01:22] [INFO] Subiendo: ERP_TEST.zip
[2026-07-12 06:01:22] [INFO] Subiendo: ERP_TEST_01.zip
[2026-07-12 06:01:22] [INFO] Subiendo: ERP_TEST_02.zip
[2026-07-12 06:01:22] [INFO] Subiendo: ERP_TEST_03.zip
[2026-07-12 06:01:22] [INFO] Subiendo: ERP_TEST_04.bak
[2026-07-12 06:01:22] [INFO] Subiendo: ERP_TEST_05.7z
[2026-07-12 06:01:22] [INFO] Subiendo: ERP_TEST_06.zip
[2026-07-12 06:01:22] [INFO] Subiendo: ERP_TEST_07.zip
[2026-07-12 06:01:22] [INFO] Subiendo: ERP_TEST_08.zip
[2026-07-12 06:01:22] [INFO] Subiendo: ERP_TEST_09.bak
[2026-07-12 06:01:22] [INFO] Subiendo: ERP_TEST_10.7z
[2026-07-12 06:01:22] [INFO] Subiendo: ERP_TEST_11.zip
[2026-07-12 06:01:22] [INFO] Subiendo: ERP_TEST_13.zip
[2026-07-12 06:01:22] [INFO] Subiendo: ERP_TEST_14.zip
[2026-07-12 06:01:22] [INFO] Subiendo: ERP_TEST_15.zip
[2026-07-12 06:01:22] [INFO] Subiendo: ERP_TEST_16.zip
[2026-07-12 06:01:22] [INFO] Subiendo: ERP_TEST_17.zip
[2026-07-12 06:01:22] [INFO] Subiendo: ERP_TEST_18.zip
[2026-07-12 06:01:22] [INFO] Subiendo: ERP_TEST_19.zip
[2026-07-12 06:01:22] [INFO] Subiendo: ERP_TEST_20.zip
[2026-07-12 06:01:22] [INFO] Subiendo: ERP_TEST_21.zip
[2026-07-12 06:01:22] [SUCCESS] Proceso finalizado.
[2026-07-12 06:18:43] [INFO] Ejecutando trabajo: ERP SQL
[2026-07-12 06:18:43] [INFO] === Backup Center iniciado ===
[2026-07-12 06:18:43] [SUCCESS] Proceso finalizado.
[2026-07-12 06:37:01] [INFO] Ejecutando trabajo: ERP SQL
[2026-07-12 06:37:01] [INFO] === Backup Center iniciado ===
[2026-07-12 06:37:02] [SUCCESS] Proceso finalizado.
[2026-07-12 06:37:22] [INFO] Ejecutando trabajo: ERP SQL
[2026-07-12 06:37:22] [INFO] === Backup Center iniciado ===
[2026-07-12 06:37:22] [INFO] Subiendo: ERP_TEST.zip
[2026-07-12 06:37:22] [INFO] Subiendo: ERP_TEST_01.zip
[2026-07-12 06:37:22] [INFO] Subiendo: ERP_TEST_02.zip
[2026-07-12 06:37:22] [INFO] Subiendo: ERP_TEST_03.zip
[2026-07-12 06:37:22] [INFO] Subiendo: ERP_TEST_04.bak
[2026-07-12 06:37:22] [INFO] Subiendo: ERP_TEST_05.7z
[2026-07-12 06:37:22] [INFO] Subiendo: ERP_TEST_06.zip
[2026-07-12 06:37:22] [INFO] Subiendo: ERP_TEST_07.zip
[2026-07-12 06:37:22] [INFO] Subiendo: ERP_TEST_08.zip
[2026-07-12 06:37:22] [INFO] Subiendo: ERP_TEST_09.bak
[2026-07-12 06:37:22] [INFO] Subiendo: ERP_TEST_10.7z
[2026-07-12 06:37:22] [INFO] Subiendo: ERP_TEST_11.zip
[2026-07-12 06:37:22] [INFO] Subiendo: ERP_TEST_13.zip
[2026-07-12 06:37:22] [INFO] Subiendo: ERP_TEST_14.zip
[2026-07-12 06:37:22] [INFO] Subiendo: ERP_TEST_15.zip
[2026-07-12 06:37:22] [INFO] Subiendo: ERP_TEST_16.zip
[2026-07-12 06:37:22] [INFO] Subiendo: ERP_TEST_17.zip
[2026-07-12 06:37:22] [INFO] Subiendo: ERP_TEST_18.zip
[2026-07-12 06:37:22] [INFO] Subiendo: ERP_TEST_19.zip
[2026-07-12 06:37:22] [INFO] Subiendo: ERP_TEST_20.zip
[2026-07-12 06:37:22] [INFO] Subiendo: ERP_TEST_21.zip
[2026-07-12 06:37:22] [SUCCESS] Proceso finalizado.
[2026-07-12 06:37:32] [INFO] Ejecutando trabajo: ERP SQL
[2026-07-12 06:37:32] [INFO] === Backup Center iniciado ===
[2026-07-12 06:37:32] [INFO] Subiendo: ERP_TEST.zip
[2026-07-12 06:37:32] [INFO] Subiendo: ERP_TEST_01.zip
[2026-07-12 06:37:32] [INFO] Subiendo: ERP_TEST_02.zip
[2026-07-12 06:37:32] [INFO] Subiendo: ERP_TEST_03.zip
[2026-07-12 06:37:32] [INFO] Subiendo: ERP_TEST_04.bak
[2026-07-12 06:37:32] [INFO] Subiendo: ERP_TEST_05.7z
[2026-07-12 06:37:32] [INFO] Subiendo: ERP_TEST_06.zip
[2026-07-12 06:37:32] [INFO] Subiendo: ERP_TEST_07.zip
[2026-07-12 06:37:32] [INFO] Subiendo: ERP_TEST_08.zip
[2026-07-12 06:37:32] [INFO] Subiendo: ERP_TEST_09.bak
[2026-07-12 06:37:32] [INFO] Subiendo: ERP_TEST_10.7z
[2026-07-12 06:37:32] [INFO] Subiendo: ERP_TEST_11.zip
[2026-07-12 06:37:32] [INFO] Subiendo: ERP_TEST_13.zip
[2026-07-12 06:37:32] [INFO] Subiendo: ERP_TEST_14.zip
[2026-07-12 06:37:32] [INFO] Subiendo: ERP_TEST_15.zip
[2026-07-12 06:37:32] [INFO] Subiendo: ERP_TEST_16.zip
[2026-07-12 06:37:32] [INFO] Subiendo: ERP_TEST_17.zip
[2026-07-12 06:37:32] [INFO] Subiendo: ERP_TEST_18.zip
[2026-07-12 06:37:32] [INFO] Subiendo: ERP_TEST_19.zip
[2026-07-12 06:37:32] [INFO] Subiendo: ERP_TEST_20.zip
[2026-07-12 06:37:32] [INFO] Subiendo: ERP_TEST_21.zip
[2026-07-12 06:37:32] [SUCCESS] Proceso finalizado.
[2026-07-12 06:37:50] [INFO] Ejecutando trabajo: ERP SQL
[2026-07-12 06:37:50] [INFO] === Backup Center iniciado ===
[2026-07-12 06:37:50] [SUCCESS] Proceso finalizado.
[2026-07-12 06:38:06] [INFO] Ejecutando trabajo: ERP SQL
[2026-07-12 06:38:06] [INFO] === Backup Center iniciado ===
[2026-07-12 06:38:06] [SUCCESS] Proceso finalizado.
[2026-07-12 06:39:51] [INFO] Ejecutando trabajo: ERP SQL
[2026-07-12 06:39:51] [INFO] === Backup Center iniciado ===
[2026-07-12 06:39:51] [SUCCESS] Proceso finalizado.
[2026-07-12 06:39:55] [INFO] Ejecutando trabajo: ERP SQL
[2026-07-12 06:39:55] [INFO] === Backup Center iniciado ===
[2026-07-12 06:39:55] [INFO] Subiendo: ERP_TEST.zip
[2026-07-12 06:39:55] [INFO] Subiendo: ERP_TEST_01.zip
[2026-07-12 06:39:55] [INFO] Subiendo: ERP_TEST_02.zip
[2026-07-12 06:39:55] [INFO] Subiendo: ERP_TEST_03.zip
[2026-07-12 06:39:55] [INFO] Subiendo: ERP_TEST_04.bak
[2026-07-12 06:39:55] [INFO] Subiendo: ERP_TEST_05.7z
[2026-07-12 06:39:55] [INFO] Subiendo: ERP_TEST_06.zip
[2026-07-12 06:39:55] [INFO] Subiendo: ERP_TEST_07.zip
[2026-07-12 06:39:55] [INFO] Subiendo: ERP_TEST_08.zip
[2026-07-12 06:39:55] [INFO] Subiendo: ERP_TEST_09.bak
[2026-07-12 06:39:55] [INFO] Subiendo: ERP_TEST_10.7z
[2026-07-12 06:39:55] [INFO] Subiendo: ERP_TEST_11.zip
[2026-07-12 06:39:55] [INFO] Subiendo: ERP_TEST_13.zip
[2026-07-12 06:39:55] [INFO] Subiendo: ERP_TEST_14.zip
[2026-07-12 06:39:55] [INFO] Subiendo: ERP_TEST_15.zip
[2026-07-12 06:39:55] [INFO] Subiendo: ERP_TEST_16.zip
[2026-07-12 06:39:55] [INFO] Subiendo: ERP_TEST_17.zip
[2026-07-12 06:39:55] [INFO] Subiendo: ERP_TEST_18.zip
[2026-07-12 06:39:55] [INFO] Subiendo: ERP_TEST_19.zip
[2026-07-12 06:39:55] [INFO] Subiendo: ERP_TEST_20.zip
[2026-07-12 06:39:55] [INFO] Subiendo: ERP_TEST_21.zip
[2026-07-12 06:39:55] [SUCCESS] Proceso finalizado.
[2026-07-12 07:09:12] [INFO] Ejecutando trabajo: ERP SQL
[2026-07-12 07:09:12] [INFO] === Backup Center iniciado ===
[2026-07-12 07:09:12] [INFO] Subiendo: ERP_TEST.zip
[2026-07-12 07:09:12] [INFO] Subiendo: ERP_TEST_01.zip
[2026-07-12 07:09:12] [INFO] Subiendo: ERP_TEST_02.zip
[2026-07-12 07:09:12] [INFO] Subiendo: ERP_TEST_03.zip
[2026-07-12 07:09:12] [INFO] Subiendo: ERP_TEST_04.bak
[2026-07-12 07:09:12] [INFO] Subiendo: ERP_TEST_05.7z
[2026-07-12 07:09:12] [INFO] Subiendo: ERP_TEST_06.zip
[2026-07-12 07:09:12] [INFO] Subiendo: ERP_TEST_07.zip
[2026-07-12 07:09:12] [INFO] Subiendo: ERP_TEST_08.zip
[2026-07-12 07:09:12] [INFO] Subiendo: ERP_TEST_09.bak
[2026-07-12 07:09:12] [INFO] Subiendo: ERP_TEST_10.7z
[2026-07-12 07:09:12] [INFO] Subiendo: ERP_TEST_11.zip
[2026-07-12 07:09:12] [INFO] Subiendo: ERP_TEST_13.zip
[2026-07-12 07:09:12] [INFO] Subiendo: ERP_TEST_14.zip
[2026-07-12 07:09:12] [INFO] Subiendo: ERP_TEST_15.zip
[2026-07-12 07:09:12] [INFO] Subiendo: ERP_TEST_16.zip
[2026-07-12 07:09:12] [INFO] Subiendo: ERP_TEST_17.zip
[2026-07-12 07:09:12] [INFO] Subiendo: ERP_TEST_18.zip
[2026-07-12 07:09:12] [INFO] Subiendo: ERP_TEST_19.zip
[2026-07-12 07:09:12] [INFO] Subiendo: ERP_TEST_20.zip
[2026-07-12 07:09:12] [INFO] Subiendo: ERP_TEST_21.zip
[2026-07-12 07:09:12] [SUCCESS] Proceso finalizado.
[2026-07-12 07:09:43] [INFO] Ejecutando trabajo: ERP SQL
[2026-07-12 07:09:43] [INFO] === Backup Center iniciado ===
[2026-07-12 07:09:43] [INFO] Subiendo: ERP_TEST.zip
[2026-07-12 07:09:43] [INFO] Subiendo: ERP_TEST_01.zip
[2026-07-12 07:09:43] [INFO] Subiendo: ERP_TEST_02.zip
[2026-07-12 07:09:43] [INFO] Subiendo: ERP_TEST_03.zip
[2026-07-12 07:09:43] [INFO] Subiendo: ERP_TEST_04.bak
[2026-07-12 07:09:43] [INFO] Subiendo: ERP_TEST_05.7z
[2026-07-12 07:09:43] [INFO] Subiendo: ERP_TEST_06.zip
[2026-07-12 07:09:43] [INFO] Subiendo: ERP_TEST_07.zip
[2026-07-12 07:09:43] [INFO] Subiendo: ERP_TEST_08.zip
[2026-07-12 07:09:43] [INFO] Subiendo: ERP_TEST_09.bak
[2026-07-12 07:09:43] [INFO] Subiendo: ERP_TEST_10.7z
[2026-07-12 07:09:43] [INFO] Subiendo: ERP_TEST_11.zip
[2026-07-12 07:09:43] [INFO] Subiendo: ERP_TEST_13.zip
[2026-07-12 07:09:43] [INFO] Subiendo: ERP_TEST_14.zip
[2026-07-12 07:09:43] [INFO] Subiendo: ERP_TEST_15.zip
[2026-07-12 07:09:43] [INFO] Subiendo: ERP_TEST_16.zip
[2026-07-12 07:09:43] [INFO] Subiendo: ERP_TEST_17.zip
[2026-07-12 07:09:43] [INFO] Subiendo: ERP_TEST_18.zip
[2026-07-12 07:09:43] [INFO] Subiendo: ERP_TEST_19.zip
[2026-07-12 07:09:43] [INFO] Subiendo: ERP_TEST_20.zip
[2026-07-12 07:09:43] [INFO] Subiendo: ERP_TEST_21.zip
[2026-07-12 07:09:43] [SUCCESS] Proceso finalizado.
[2026-07-12 07:09:57] [INFO] Ejecutando trabajo: ERP SQL
[2026-07-12 07:09:57] [INFO] === Backup Center iniciado ===
[2026-07-12 07:09:57] [INFO] Subiendo: ERP_TEST.zip
[2026-07-12 07:09:57] [INFO] Subiendo: ERP_TEST_01.zip
[2026-07-12 07:09:57] [INFO] Subiendo: ERP_TEST_02.zip
[2026-07-12 07:09:57] [INFO] Subiendo: ERP_TEST_03.zip
[2026-07-12 07:09:57] [INFO] Subiendo: ERP_TEST_04.bak
[2026-07-12 07:09:57] [INFO] Subiendo: ERP_TEST_05.7z
[2026-07-12 07:09:57] [INFO] Subiendo: ERP_TEST_06.zip
[2026-07-12 07:09:57] [INFO] Subiendo: ERP_TEST_07.zip
[2026-07-12 07:09:57] [INFO] Subiendo: ERP_TEST_08.zip
[2026-07-12 07:09:57] [INFO] Subiendo: ERP_TEST_09.bak
[2026-07-12 07:09:57] [INFO] Subiendo: ERP_TEST_10.7z
[2026-07-12 07:09:57] [INFO] Subiendo: ERP_TEST_11.zip
[2026-07-12 07:09:57] [INFO] Subiendo: ERP_TEST_13.zip
[2026-07-12 07:09:57] [INFO] Subiendo: ERP_TEST_14.zip
[2026-07-12 07:09:57] [INFO] Subiendo: ERP_TEST_15.zip
[2026-07-12 07:09:57] [INFO] Subiendo: ERP_TEST_16.zip
[2026-07-12 07:09:57] [INFO] Subiendo: ERP_TEST_17.zip
[2026-07-12 07:09:57] [INFO] Subiendo: ERP_TEST_18.zip
[2026-07-12 07:09:57] [INFO] Subiendo: ERP_TEST_19.zip
[2026-07-12 07:09:57] [INFO] Subiendo: ERP_TEST_20.zip
[2026-07-12 07:09:57] [INFO] Subiendo: ERP_TEST_21.zip
[2026-07-12 07:09:57] [SUCCESS] Proceso finalizado.
[2026-07-12 07:10:21] [INFO] Ejecutando trabajo: ERP SQL
[2026-07-12 07:10:21] [INFO] === Backup Center iniciado ===
[2026-07-12 07:10:21] [INFO] Subiendo: ERP_TEST.zip
[2026-07-12 07:10:21] [INFO] Subiendo: ERP_TEST_01.zip
[2026-07-12 07:10:21] [INFO] Subiendo: ERP_TEST_02.zip
[2026-07-12 07:10:21] [INFO] Subiendo: ERP_TEST_03.zip
[2026-07-12 07:10:21] [INFO] Subiendo: ERP_TEST_04.bak
[2026-07-12 07:10:21] [INFO] Subiendo: ERP_TEST_05.7z
[2026-07-12 07:10:21] [INFO] Subiendo: ERP_TEST_06.zip
[2026-07-12 07:10:21] [INFO] Subiendo: ERP_TEST_07.zip
[2026-07-12 07:10:21] [INFO] Subiendo: ERP_TEST_08.zip
[2026-07-12 07:10:21] [INFO] Subiendo: ERP_TEST_09.bak
[2026-07-12 07:10:21] [INFO] Subiendo: ERP_TEST_10.7z
[2026-07-12 07:10:21] [INFO] Subiendo: ERP_TEST_11.zip
[2026-07-12 07:10:21] [INFO] Subiendo: ERP_TEST_13.zip
[2026-07-12 07:10:21] [INFO] Subiendo: ERP_TEST_14.zip
[2026-07-12 07:10:21] [INFO] Subiendo: ERP_TEST_15.zip
[2026-07-12 07:10:21] [INFO] Subiendo: ERP_TEST_16.zip
[2026-07-12 07:10:21] [INFO] Subiendo: ERP_TEST_17.zip
[2026-07-12 07:10:21] [INFO] Subiendo: ERP_TEST_18.zip
[2026-07-12 07:10:21] [INFO] Subiendo: ERP_TEST_19.zip
[2026-07-12 07:10:21] [INFO] Subiendo: ERP_TEST_20.zip
[2026-07-12 07:10:21] [INFO] Subiendo: ERP_TEST_21.zip
[2026-07-12 07:10:21] [SUCCESS] Proceso finalizado.
[2026-07-12 07:25:49] [INFO] Ejecutando trabajo: ERP SQL
[2026-07-12 07:25:49] [INFO] === Backup Center iniciado ===
[2026-07-12 07:25:49] [INFO] Subiendo: ERP_TEST.zip
[2026-07-12 07:25:49] [INFO] Subiendo: ERP_TEST_01.zip
[2026-07-12 07:25:49] [INFO] Subiendo: ERP_TEST_02.zip
[2026-07-12 07:25:49] [INFO] Subiendo: ERP_TEST_03.zip
[2026-07-12 07:25:49] [INFO] Subiendo: ERP_TEST_04.bak
[2026-07-12 07:25:49] [INFO] Subiendo: ERP_TEST_05.7z
[2026-07-12 07:25:49] [INFO] Subiendo: ERP_TEST_06.zip
[2026-07-12 07:25:49] [INFO] Subiendo: ERP_TEST_07.zip
[2026-07-12 07:25:49] [INFO] Subiendo: ERP_TEST_08.zip
[2026-07-12 07:25:49] [INFO] Subiendo: ERP_TEST_09.bak
[2026-07-12 07:25:49] [INFO] Subiendo: ERP_TEST_10.7z
[2026-07-12 07:25:49] [INFO] Subiendo: ERP_TEST_11.zip
[2026-07-12 07:25:49] [INFO] Subiendo: ERP_TEST_13.zip
[2026-07-12 07:25:49] [INFO] Subiendo: ERP_TEST_14.zip
[2026-07-12 07:25:49] [INFO] Subiendo: ERP_TEST_15.zip
[2026-07-12 07:25:49] [INFO] Subiendo: ERP_TEST_16.zip
[2026-07-12 07:25:49] [INFO] Subiendo: ERP_TEST_17.zip
[2026-07-12 07:25:49] [INFO] Subiendo: ERP_TEST_18.zip
[2026-07-12 07:25:49] [INFO] Subiendo: ERP_TEST_19.zip
[2026-07-12 07:25:49] [INFO] Subiendo: ERP_TEST_20.zip
[2026-07-12 07:25:49] [INFO] Subiendo: ERP_TEST_21.zip
[2026-07-12 07:25:49] [SUCCESS] Proceso finalizado.
